Archive member included to satisfy reference by file (symbol)

d:/ide/mounriver_studio/toolchain/risc-v embedded gcc/bin/../lib/gcc/riscv-none-embed/8.2.0/rv32imac/ilp32\libgcc.a(adddf3.o)
                              ./CODE/Bend.o (__adddf3)
d:/ide/mounriver_studio/toolchain/risc-v embedded gcc/bin/../lib/gcc/riscv-none-embed/8.2.0/rv32imac/ilp32\libgcc.a(divdf3.o)
                              ./CODE/Bend.o (__divdf3)
d:/ide/mounriver_studio/toolchain/risc-v embedded gcc/bin/../lib/gcc/riscv-none-embed/8.2.0/rv32imac/ilp32\libgcc.a(gedf2.o)
                              ./CODE/Bend.o (__gedf2)
d:/ide/mounriver_studio/toolchain/risc-v embedded gcc/bin/../lib/gcc/riscv-none-embed/8.2.0/rv32imac/ilp32\libgcc.a(ledf2.o)
                              ./CODE/Bend.o (__ledf2)
d:/ide/mounriver_studio/toolchain/risc-v embedded gcc/bin/../lib/gcc/riscv-none-embed/8.2.0/rv32imac/ilp32\libgcc.a(muldf3.o)
                              ./hefei_peripheral/HF_HC_SR04.o (__muldf3)
d:/ide/mounriver_studio/toolchain/risc-v embedded gcc/bin/../lib/gcc/riscv-none-embed/8.2.0/rv32imac/ilp32\libgcc.a(subdf3.o)
                              ./CODE/Bend.o (__subdf3)
d:/ide/mounriver_studio/toolchain/risc-v embedded gcc/bin/../lib/gcc/riscv-none-embed/8.2.0/rv32imac/ilp32\libgcc.a(fixdfsi.o)
                              ./CODE/Bend.o (__fixdfsi)
d:/ide/mounriver_studio/toolchain/risc-v embedded gcc/bin/../lib/gcc/riscv-none-embed/8.2.0/rv32imac/ilp32\libgcc.a(fixunsdfsi.o)
                              ./hefei_peripheral/HF_HC_SR04.o (__fixunsdfsi)
d:/ide/mounriver_studio/toolchain/risc-v embedded gcc/bin/../lib/gcc/riscv-none-embed/8.2.0/rv32imac/ilp32\libgcc.a(floatsidf.o)
                              ./CODE/Bend.o (__floatsidf)
d:/ide/mounriver_studio/toolchain/risc-v embedded gcc/bin/../lib/gcc/riscv-none-embed/8.2.0/rv32imac/ilp32\libgcc.a(floatunsidf.o)
                              ./CODE/Bend.o (__floatunsidf)
d:/ide/mounriver_studio/toolchain/risc-v embedded gcc/bin/../lib/gcc/riscv-none-embed/8.2.0/rv32imac/ilp32\libgcc.a(addsf3.o)
                              ./hefei_peripheral/HF_HC_SR04.o (__addsf3)
d:/ide/mounriver_studio/toolchain/risc-v embedded gcc/bin/../lib/gcc/riscv-none-embed/8.2.0/rv32imac/ilp32\libgcc.a(divsf3.o)
                              ./hefei_peripheral/HF_HC_SR04.o (__divsf3)
d:/ide/mounriver_studio/toolchain/risc-v embedded gcc/bin/../lib/gcc/riscv-none-embed/8.2.0/rv32imac/ilp32\libgcc.a(eqsf2.o)
                              ./hefei_peripheral/HF_TFT180.o (__eqsf2)
d:/ide/mounriver_studio/toolchain/risc-v embedded gcc/bin/../lib/gcc/riscv-none-embed/8.2.0/rv32imac/ilp32\libgcc.a(gesf2.o)
                              ./CODE/pid.o (__gesf2)
d:/ide/mounriver_studio/toolchain/risc-v embedded gcc/bin/../lib/gcc/riscv-none-embed/8.2.0/rv32imac/ilp32\libgcc.a(lesf2.o)
                              ./CODE/pid.o (__lesf2)
d:/ide/mounriver_studio/toolchain/risc-v embedded gcc/bin/../lib/gcc/riscv-none-embed/8.2.0/rv32imac/ilp32\libgcc.a(mulsf3.o)
                              ./hefei_peripheral/HF_HC_SR04.o (__mulsf3)
d:/ide/mounriver_studio/toolchain/risc-v embedded gcc/bin/../lib/gcc/riscv-none-embed/8.2.0/rv32imac/ilp32\libgcc.a(subsf3.o)
                              ./hefei_peripheral/HF_IPS114.o (__subsf3)
d:/ide/mounriver_studio/toolchain/risc-v embedded gcc/bin/../lib/gcc/riscv-none-embed/8.2.0/rv32imac/ilp32\libgcc.a(fixsfsi.o)
                              ./hefei_peripheral/HF_IPS114.o (__fixsfsi)
d:/ide/mounriver_studio/toolchain/risc-v embedded gcc/bin/../lib/gcc/riscv-none-embed/8.2.0/rv32imac/ilp32\libgcc.a(fixunssfsi.o)
                              ./CODE/pid.o (__fixunssfsi)
d:/ide/mounriver_studio/toolchain/risc-v embedded gcc/bin/../lib/gcc/riscv-none-embed/8.2.0/rv32imac/ilp32\libgcc.a(floatsisf.o)
                              ./user_c/main.o (__floatsisf)
d:/ide/mounriver_studio/toolchain/risc-v embedded gcc/bin/../lib/gcc/riscv-none-embed/8.2.0/rv32imac/ilp32\libgcc.a(floatunsisf.o)
                              ./hefei_peripheral/HF_HC_SR04.o (__floatunsisf)
d:/ide/mounriver_studio/toolchain/risc-v embedded gcc/bin/../lib/gcc/riscv-none-embed/8.2.0/rv32imac/ilp32\libgcc.a(extendsfdf2.o)
                              ./hefei_peripheral/HF_HC_SR04.o (__extendsfdf2)
d:/ide/mounriver_studio/toolchain/risc-v embedded gcc/bin/../lib/gcc/riscv-none-embed/8.2.0/rv32imac/ilp32\libgcc.a(_clzsi2.o)
                              d:/ide/mounriver_studio/toolchain/risc-v embedded gcc/bin/../lib/gcc/riscv-none-embed/8.2.0/rv32imac/ilp32\libgcc.a(adddf3.o) (__clzsi2)
d:/ide/mounriver_studio/toolchain/risc-v embedded gcc/bin/../lib/gcc/riscv-none-embed/8.2.0/rv32imac/ilp32\libgcc.a(_clz.o)
                              d:/ide/mounriver_studio/toolchain/risc-v embedded gcc/bin/../lib/gcc/riscv-none-embed/8.2.0/rv32imac/ilp32\libgcc.a(_clzsi2.o) (__clz_tab)
[...]
Memory Configuration

Name             Origin             Length             Attributes
FLASH            0x0000000000000000 0x0000000000040000 xr
RAM              0x0000000020000000 0x0000000000010000 xrw
*default*        0x0000000000000000 0xffffffffffffffff

Linker script and memory map

LOAD ./user_c/isr.o
LOAD ./user_c/main.o
LOAD ./hefei_peripheral/HF_Double_DC_Motor.o
LOAD ./hefei_peripheral/HF_HC_SR04.o
LOAD ./hefei_peripheral/HF_IPS114.o
LOAD ./hefei_peripheral/HF_MT9V03X.o
LOAD ./hefei_peripheral/HF_TFT180.o
LOAD ./hefei_peripheral/HF_WS2812b.o
LOAD ./hefei_peripheral/HF_Wireless_uart.o
LOAD ./hefei_peripheral/dmx_tof400c.o
LOAD ./hefei_libraries/board/board.o
LOAD ./hefei_libraries/common.o
LOAD ./hefei_libraries/delay.o
LOAD ./hefei_libraries/hf_adc.o
LOAD ./hefei_libraries/hf_common_font.o
LOAD ./hefei_libraries/hf_dma.o
LOAD ./hefei_libraries/hf_dvp.o
LOAD ./hefei_libraries/hf_encoder.o
LOAD ./hefei_libraries/hf_exti.o
LOAD ./hefei_libraries/hf_flash.o
LOAD ./hefei_libraries/hf_gpio.o
LOAD ./hefei_libraries/hf_i2c_hardware.o
LOAD ./hefei_libraries/hf_i2c_software.o
LOAD ./hefei_libraries/hf_nvic.o
LOAD ./hefei_libraries/hf_pit.o
LOAD ./hefei_libraries/hf_pwm.o
LOAD ./hefei_libraries/hf_spi.o
LOAD ./hefei_libraries/hf_tim.o
LOAD ./hefei_libraries/hf_uart.o
LOAD ./CODE/Bend.o
LOAD ./CODE/CrossRound.o
LOAD ./CODE/PLC.o
LOAD ./CODE/Round.o
LOAD ./CODE/binary.o
LOAD ./CODE/board_led.o
LOAD ./CODE/car_adc.o
LOAD ./CODE/car_init.o
LOAD ./CODE/car_keys.o
LOAD ./CODE/car_ligth.o
LOAD ./CODE/car_motion.o
LOAD ./CODE/car_reed.o
LOAD ./CODE/car_uart.o
LOAD ./CODE/car_value_process.o
LOAD ./CODE/center_line.o
LOAD ./CODE/junction.o
LOAD ./CODE/pid.o
LOAD ./CODE/show.o
LOAD ./CH32V30x/Core/core_riscv.o
LOAD ./CH32V30x/CH32V30x_p/Startup/startup_ch32v30x.o
LOAD ./CH32V30x/CH32V30x_p/CH32V30x_Lib/ch32v30x_adc.o
LOAD ./CH32V30x/CH32V30x_p/CH32V30x_Lib/ch32v30x_bkp.o
LOAD ./CH32V30x/CH32V30x_p/CH32V30x_Lib/ch32v30x_can.o
LOAD ./CH32V30x/CH32V30x_p/CH32V30x_Lib/ch32v30x_crc.o
LOAD ./CH32V30x/CH32V30x_p/CH32V30x_Lib/ch32v30x_dac.o
LOAD ./CH32V30x/CH32V30x_p/CH32V30x_Lib/ch32v30x_dbgmcu.o
LOAD ./CH32V30x/CH32V30x_p/CH32V30x_Lib/ch32v30x_dma.o
LOAD ./CH32V30x/CH32V30x_p/CH32V30x_Lib/ch32v30x_dvp.o
LOAD ./CH32V30x/CH32V30x_p/CH32V30x_Lib/ch32v30x_eth.o
LOAD ./CH32V30x/CH32V30x_p/CH32V30x_Lib/ch32v30x_exti.o
LOAD ./CH32V30x/CH32V30x_p/CH32V30x_Lib/ch32v30x_flash.o
LOAD ./CH32V30x/CH32V30x_p/CH32V30x_Lib/ch32v30x_fsmc.o
LOAD ./CH32V30x/CH32V30x_p/CH32V30x_Lib/ch32v30x_gpio.o
LOAD ./CH32V30x/CH32V30x_p/CH32V30x_Lib/ch32v30x_i2c.o
LOAD ./CH32V30x/CH32V30x_p/CH32V30x_Lib/ch32v30x_iwdg.o
LOAD ./CH32V30x/CH32V30x_p/CH32V30x_Lib/ch32v30x_misc.o
LOAD ./CH32V30x/CH32V30x_p/CH32V30x_Lib/ch32v30x_opa.o
LOAD ./CH32V30x/CH32V30x_p/CH32V30x_Lib/ch32v30x_pwr.o
LOAD ./CH32V30x/CH32V30x_p/CH32V30x_Lib/ch32v30x_rcc.o
LOAD ./CH32V30x/CH32V30x_p/CH32V30x_Lib/ch32v30x_rng.o
LOAD ./CH32V30x/CH32V30x_p/CH32V30x_Lib/ch32v30x_rtc.o
LOAD ./CH32V30x/CH32V30x_p/CH32V30x_Lib/ch32v30x_sdio.o
LOAD ./CH32V30x/CH32V30x_p/CH32V30x_Lib/ch32v30x_spi.o
LOAD ./CH32V30x/CH32V30x_p/CH32V30x_Lib/ch32v30x_tim.o
LOAD ./CH32V30x/CH32V30x_p/CH32V30x_Lib/ch32v30x_usart.o
LOAD ./CH32V30x/CH32V30x_p/CH32V30x_Lib/ch32v30x_usbotg_device.o
LOAD ./CH32V30x/CH32V30x_p/CH32V30x_Lib/ch32v30x_wwdg.o
LOAD ./CH32V30x/CH32V30x_p/CH32V30x_Lib/system_ch32v30x.o
LOAD d:/ide/mounriver_studio/toolchain/risc-v embedded gcc/bin/../lib/gcc/riscv-none-embed/8.2.0/rv32imac/ilp32\libgcc.a
LOAD d:/ide/mounriver_studio/toolchain/risc-v embedded gcc/bin/../lib/gcc/riscv-none-embed/8.2.0/../../../../riscv-none-embed/lib/rv32imac/ilp32\libg_nano.a
LOAD d:/ide/mounriver_studio/toolchain/risc-v embedded gcc/bin/../lib/gcc/riscv-none-embed/8.2.0/../../../../riscv-none-embed/lib/rv32imac/ilp32\libc_nano.a
LOAD d:/ide/mounriver_studio/toolchain/risc-v embedded gcc/bin/../lib/gcc/riscv-none-embed/8.2.0/rv32imac/ilp32\libgcc.a
START GROUP
LOAD d:/ide/mounriver_studio/toolchain/risc-v embedded gcc/bin/../lib/gcc/riscv-none-embed/8.2.0/rv32imac/ilp32\libgcc.a
LOAD d:/ide/mounriver_studio/toolchain/risc-v embedded gcc/bin/../lib/gcc/riscv-none-embed/8.2.0/../../../../riscv-none-embed/lib/rv32imac/ilp32\libc_nano.a
LOAD d:/ide/mounriver_studio/toolchain/risc-v embedded gcc/bin/../lib/gcc/riscv-none-embed/8.2.0/../../../../riscv-none-embed/lib/rv32imac/ilp32\libnosys.a
END GROUP
START GROUP
LOAD d:/ide/mounriver_studio/toolchain/risc-v embedded gcc/bin/../lib/gcc/riscv-none-embed/8.2.0/rv32imac/ilp32\libgcc.a
LOAD d:/ide/mounriver_studio/toolchain/risc-v embedded gcc/bin/../lib/gcc/riscv-none-embed/8.2.0/../../../../riscv-none-embed/lib/rv32imac/ilp32\libc_nano.a
LOAD d:/ide/mounriver_studio/toolchain/risc-v embedded gcc/bin/../lib/gcc/riscv-none-embed/8.2.0/../../../../riscv-none-embed/lib/rv32imac/ilp32\libnosys.a
END GROUP
                0x0000000000000800                __stack_size = 0x800
                [!provide]                        PROVIDE (_stack_size = __stack_size)

.init           0x0000000000000000       0x38
                0x0000000000000000                _sinit = .
                0x0000000000000000                . = ALIGN (0x4)
 *(SORT_NONE(.init))
 .init          0x0000000000000000       0x38 ./CH32V30x/CH32V30x_p/Startup/startup_ch32v30x.o
                0x0000000000000000                _start
                0x0000000000000038                . = ALIGN (0x4)
                0x0000000000000038                _einit = .

.vector         0x0000000000000038      0x1c8
 *(.vector)
 .vector        0x0000000000000038      0x1a0 ./CH32V30x/CH32V30x_p/Startup/startup_ch32v30x.o
                0x0000000000000200                . = ALIGN (0x40)
 *fill*         0x00000000000001d8       0x28 

.text           0x0000000000000200     0xac64
                0x0000000000000200                . = ALIGN (0x4)
 *(.text)
 .text          0x0000000000000200       0xa8 d:/ide/mounriver_studio/toolchain/risc-v embedded gcc/bin/../lib/gcc/riscv-none-embed/8.2.0/../../../../riscv-none-embed/lib/rv32imac/ilp32\libg_nano.a(lib_a-memset.o)
                0x0000000000000200                memset
 *(.text.*)
 .text.NMI_Handler
                0x00000000000002a8        0x4 ./user_c/isr.o
                0x00000000000002a8                NMI_Handler
 .text.HardFault_Handler
                0x00000000000002ac        0x4 ./user_c/isr.o
                0x00000000000002ac                HardFault_Handler
 .text.USART1_IRQHandler
                0x00000000000002b0       0x2a ./user_c/isr.o
                0x00000000000002b0                USART1_IRQHandler
 .text.USART2_IRQHandler
                0x00000000000002da       0x2a ./user_c/isr.o
                0x00000000000002da                USART2_IRQHandler
 .text.USART3_IRQHandler
                0x0000000000000304       0x2a ./user_c/isr.o
                0x0000000000000304                USART3_IRQHandler
 .text.UART4_IRQHandler
                0x000000000000032e       0x2a ./user_c/isr.o
                0x000000000000032e                UART4_IRQHandler
 .text.UART5_IRQHandler
                0x0000000000000358       0x22 ./user_c/isr.o
                0x0000000000000358                UART5_IRQHandler
 .text.UART6_IRQHandler
                0x000000000000037a       0x2a ./user_c/isr.o
                0x000000000000037a                UART6_IRQHandler
 .text.UART7_IRQHandler
                0x00000000000003a4       0x2a ./user_c/isr.o
                0x00000000000003a4                UART7_IRQHandler
 .text.UART8_IRQHandler
                0x00000000000003ce       0x1e ./user_c/isr.o
                0x00000000000003ce                UART8_IRQHandler
 .text.DVP_IRQHandler
                0x00000000000003ec       0x20 ./user_c/isr.o
                0x00000000000003ec                DVP_IRQHandler
 .text.EXTI0_IRQHandler
                0x000000000000040c       0x14 ./user_c/isr.o
                0x000000000000040c                EXTI0_IRQHandler
 .text.EXTI1_IRQHandler
                0x0000000000000420       0x16 ./user_c/isr.o
                0x0000000000000420                EXTI1_IRQHandler
 .text.EXTI2_IRQHandler
                0x0000000000000436       0x28 ./user_c/isr.o
                0x0000000000000436                EXTI2_IRQHandler
 .text.EXTI3_IRQHandler
                0x000000000000045e       0x4a ./user_c/isr.o
                0x000000000000045e                EXTI3_IRQHandler
 .text.EXTI4_IRQHandler
                0x00000000000004a8       0x42 ./user_c/isr.o
                0x00000000000004a8                EXTI4_IRQHandler
 .text.EXTI9_5_IRQHandler
                0x00000000000004ea       0x8e ./user_c/isr.o
                0x00000000000004ea                EXTI9_5_IRQHandler
 .text.EXTI15_10_IRQHandler
                0x0000000000000578       0x82 ./user_c/isr.o
                0x0000000000000578                EXTI15_10_IRQHandler
 .text.TIM1_UP_IRQHandler
                0x00000000000005fa       0xa8 ./user_c/isr.o
                0x00000000000005fa                TIM1_UP_IRQHandler
 .text.TIM2_IRQHandler
                0x00000000000006a2       0x1a ./user_c/isr.o
                0x00000000000006a2                TIM2_IRQHandler
 .text.TIM3_IRQHandler
                0x00000000000006bc       0x26 ./user_c/isr.o
                0x00000000000006bc                TIM3_IRQHandler
 .text.TIM4_IRQHandler
                0x00000000000006e2       0x26 ./user_c/isr.o
                0x00000000000006e2                TIM4_IRQHandler
 .text.TIM5_IRQHandler
                0x0000000000000708       0x26 ./user_c/isr.o
                0x0000000000000708                TIM5_IRQHandler
 .text.TIM6_IRQHandler
                0x000000000000072e       0x1a ./user_c/isr.o
                0x000000000000072e                TIM6_IRQHandler
 .text.TIM7_IRQHandler
                0x0000000000000748       0x26 ./user_c/isr.o
                0x0000000000000748                TIM7_IRQHandler
 .text.TIM8_UP_IRQHandler
                0x000000000000076e       0x8c ./user_c/isr.o
                0x000000000000076e                TIM8_UP_IRQHandler
 .text.TIM9_UP_IRQHandler
                0x00000000000007fa        0x4 ./user_c/isr.o
                0x00000000000007fa                TIM9_UP_IRQHandler
 .text.TIM10_UP_IRQHandler
                0x00000000000007fe       0x1a ./user_c/isr.o
                0x00000000000007fe                TIM10_UP_IRQHandler
 .text.startup.main
                0x0000000000000818      0x2ca ./user_c/main.o
                0x0000000000000818                main
 .text.motor_init
                0x0000000000000ae2       0x62 ./hefei_peripheral/HF_Double_DC_Motor.o
                0x0000000000000ae2                motor_init
 .text.motor_forward
                0x0000000000000b44      0x200 ./hefei_peripheral/HF_Double_DC_Motor.o
                0x0000000000000b44                motor_forward
 .text.ips114_write_index
                0x0000000000000d44       0x3a ./hefei_peripheral/HF_IPS114.o
 .text.ips114_set_region
                0x0000000000000d7e      0x106 ./hefei_peripheral/HF_IPS114.o
 .text.ips114_clear
                0x0000000000000e84       0x40 ./hefei_peripheral/HF_IPS114.o
                0x0000000000000e84                ips114_clear
 .text.ips114_set_dir
                0x0000000000000ec4       0x2e ./hefei_peripheral/HF_IPS114.o
                0x0000000000000ec4                ips114_set_dir
 .text.ips114_show_char
                0x0000000000000ef2       0x90 ./hefei_peripheral/HF_IPS114.o
                0x0000000000000ef2                ips114_show_char
 .text.ips114_show_string
                0x0000000000000f82       0x42 ./hefei_peripheral/HF_IPS114.o
                0x0000000000000f82                ips114_show_string
 .text.ips114_show_int
                0x0000000000000fc4       0x62 ./hefei_peripheral/HF_IPS114.o
                0x0000000000000fc4                ips114_show_int
 .text.ips114_show_gray_image
                0x0000000000001026       0xb8 ./hefei_peripheral/HF_IPS114.o
                0x0000000000001026                ips114_show_gray_image
 .text.ips114_init
                0x00000000000010de      0x2c8 ./hefei_peripheral/HF_IPS114.o
                0x00000000000010de                ips114_init
 .text.mt9v03x_get_config_dvp.constprop.0
                0x00000000000013a6       0xb2 ./hefei_peripheral/HF_MT9V03X.o
 .text.mt9v03x_uart_callback_dvp
                0x0000000000001458       0x60 ./hefei_peripheral/HF_MT9V03X.o
                0x0000000000001458                mt9v03x_uart_callback_dvp
 .text.mt9v03x_handler_dvp
                0x00000000000014b8       0x22 ./hefei_peripheral/HF_MT9V03X.o
                0x00000000000014b8                mt9v03x_handler_dvp
 .text.mt9v03x_init_dvp
                0x00000000000014da      0x18e ./hefei_peripheral/HF_MT9V03X.o
                0x00000000000014da                mt9v03x_init_dvp
 .text.int_to_str
                0x0000000000001668       0x62 ./hefei_peripheral/HF_TFT180.o
                0x0000000000001668                int_to_str
 .text.ws2812b_write
                0x00000000000016ca       0xb0 ./hefei_peripheral/HF_WS2812b.o
                0x00000000000016ca                ws2812b_write
 .text.ws2812b_init
                0x000000000000177a       0x42 ./hefei_peripheral/HF_WS2812b.o
                0x000000000000177a                ws2812b_init
 .text.TOF400C_Start
                0x00000000000017bc       0x38 ./hefei_peripheral/dmx_tof400c.o
 .text.TOF400C_Stop
                0x00000000000017f4       0x3c ./hefei_peripheral/dmx_tof400c.o
 .text.TOF400C_Write_Char
                0x0000000000001830       0x9c ./hefei_peripheral/dmx_tof400c.o
 .text.TOF400C_Write_Datas
                0x00000000000018cc       0x3e ./hefei_peripheral/dmx_tof400c.o
 .text.TOF400C_Read_Char
                0x000000000000190a       0xbc ./hefei_peripheral/dmx_tof400c.o
 .text.TOF400C_Read_Datas
                0x00000000000019c6       0x74 ./hefei_peripheral/dmx_tof400c.o
 .text.Init_TOF400C
                0x0000000000001a3a       0xea ./hefei_peripheral/dmx_tof400c.o
                0x0000000000001a3a                Init_TOF400C
 .text.Get_Distance_TOF400C
                0x0000000000001b24       0x66 ./hefei_peripheral/dmx_tof400c.o
                0x0000000000001b24                Get_Distance_TOF400C
 .text.board_init
                0x0000000000001b8a       0x38 ./hefei_libraries/board/board.o
                0x0000000000001b8a                board_init
 .text._write   0x0000000000001bc2       0x50 ./hefei_libraries/board/board.o
                0x0000000000001bc2                _write
 .text.Delay_Init
                0x0000000000001c12        0x2 ./hefei_libraries/delay.o
                0x0000000000001c12                Delay_Init
 .text.Delay_Us
                0x0000000000001c14       0x38 ./hefei_libraries/delay.o
                0x0000000000001c14                Delay_Us
 .text.Delay_Ms
                0x0000000000001c4c       0x36 ./hefei_libraries/delay.o
                0x0000000000001c4c                Delay_Ms
 .text.adc_gpio_init
                0x0000000000001c82       0xc6 ./hefei_libraries/hf_adc.o
                0x0000000000001c82                adc_gpio_init
 .text.adc_init
                0x0000000000001d48       0x9a ./hefei_libraries/hf_adc.o
                0x0000000000001d48                adc_init
 .text.dvp_gpio_init
                0x0000000000001de2       0xc4 ./hefei_libraries/hf_dvp.o
                0x0000000000001de2                dvp_gpio_init
 .text.dvp_camera_init
                0x0000000000001ea6       0xae ./hefei_libraries/hf_dvp.o
                0x0000000000001ea6                dvp_camera_init
 .text.exti_enable
                0x0000000000001f54       0x8e ./hefei_libraries/hf_exti.o
                0x0000000000001f54                exti_enable
 .text.gpio_init
                0x0000000000001fe2       0xdc ./hefei_libraries/hf_gpio.o
                0x0000000000001fe2                gpio_init
 .text.gpio_bit_output
                0x00000000000020be       0x26 ./hefei_libraries/hf_gpio.o
                0x00000000000020be                gpio_bit_output
 .text.gpio_get_input
                0x00000000000020e4       0x22 ./hefei_libraries/hf_gpio.o
                0x00000000000020e4                gpio_get_input
 .text.interrupt_enable
                0x0000000000002106       0x1a ./hefei_libraries/hf_nvic.o
                0x0000000000002106                interrupt_enable
 .text.interrupt_disable
                0x0000000000002120       0x1a ./hefei_libraries/hf_nvic.o
                0x0000000000002120                interrupt_disable
 .text.interrupt_set_priority
                0x000000000000213a        0xc ./hefei_libraries/hf_nvic.o
                0x000000000000213a                interrupt_set_priority
 .text.interrupt_global_enable
                0x0000000000002146        0x2 ./hefei_libraries/hf_nvic.o
                0x0000000000002146                interrupt_global_enable
 .text.interrupt_global_disable
                0x0000000000002148        0x2 ./hefei_libraries/hf_nvic.o
                0x0000000000002148                interrupt_global_disable
 .text.nvic_init
                0x000000000000214a       0x1e ./hefei_libraries/hf_nvic.o
                0x000000000000214a                nvic_init
 .text.pwm_duty
                0x0000000000002168       0x30 ./hefei_libraries/hf_pwm.o
                0x0000000000002168                pwm_duty
 .text.pwm_gpio_init
                0x0000000000002198      0x472 ./hefei_libraries/hf_pwm.o
                0x0000000000002198                pwm_gpio_init
 .text.pwm_init
                0x000000000000260a      0x1c2 ./hefei_libraries/hf_pwm.o
                0x000000000000260a                pwm_init
 .text.spi_gpio_init
                0x00000000000027cc      0x13a ./hefei_libraries/hf_spi.o
                0x00000000000027cc                spi_gpio_init
 .text.spi_init
                0x0000000000002906      0x102 ./hefei_libraries/hf_spi.o
                0x0000000000002906                spi_init
 .text.spi_write_8bit
                0x0000000000002a08       0x1c ./hefei_libraries/hf_spi.o
                0x0000000000002a08                spi_write_8bit
 .text.spi_write_16bit
                0x0000000000002a24       0x32 ./hefei_libraries/hf_spi.o
                0x0000000000002a24                spi_write_16bit
 .text.timbase_init
                0x0000000000002a56       0xa4 ./hefei_libraries/hf_tim.o
                0x0000000000002a56                timbase_init
 .text.uart_putchar
                0x0000000000002afa       0x20 ./hefei_libraries/hf_uart.o
                0x0000000000002afa                uart_putchar
 .text.uart_putbuff
                0x0000000000002b1a       0x30 ./hefei_libraries/hf_uart.o
                0x0000000000002b1a                uart_putbuff
 .text.uart_putstr
                0x0000000000002b4a       0x26 ./hefei_libraries/hf_uart.o
                0x0000000000002b4a                uart_putstr
 .text.uart_interrupt_init
                0x0000000000002b70       0xd4 ./hefei_libraries/hf_uart.o
                0x0000000000002b70                uart_interrupt_init
 .text.uart_query
                0x0000000000002c44       0x26 ./hefei_libraries/hf_uart.o
                0x0000000000002c44                uart_query
 .text.uart_gpio_init
                0x0000000000002c6a      0x23e ./hefei_libraries/hf_uart.o
                0x0000000000002c6a                uart_gpio_init
 .text.uart_init
                0x0000000000002ea8      0x1ce ./hefei_libraries/hf_uart.o
                0x0000000000002ea8                uart_init
 .text.check_bend
                0x0000000000003076      0x164 ./CODE/Bend.o
                0x0000000000003076                check_bend
 .text.check_rightangle_bend
                0x00000000000031da      0x196 ./CODE/Bend.o
                0x00000000000031da                check_rightangle_bend
 .text.correct_bend_error
                0x0000000000003370       0x8c ./CODE/Bend.o
                0x0000000000003370                correct_bend_error
 .text.check_three
                0x00000000000033fc       0xd4 ./CODE/Bend.o
                0x00000000000033fc                check_three
 .text.correct_three
                0x00000000000034d0      0x1fe ./CODE/Bend.o
                0x00000000000034d0                correct_three
 .text.check_black_white_line
                0x00000000000036ce       0x5c ./CODE/Bend.o
                0x00000000000036ce                check_black_white_line
 .text.road_type
                0x000000000000372a       0xe4 ./CODE/Bend.o
                0x000000000000372a                road_type
 .text.seek_vary_pot
                0x000000000000380e      0x170 ./CODE/CrossRound.o
                0x000000000000380e                seek_vary_pot
 .text.check_cross_road_out
                0x000000000000397e       0xc2 ./CODE/CrossRound.o
                0x000000000000397e                check_cross_road_out
 .text.link_Line
                0x0000000000003a40      0x2e8 ./CODE/CrossRound.o
                0x0000000000003a40                link_Line
 .text.Repair_Line
                0x0000000000003d28       0xa4 ./CODE/CrossRound.o
                0x0000000000003d28                Repair_Line
 .text.Cross_Round_control
                0x0000000000003dcc       0xe8 ./CODE/CrossRound.o
                0x0000000000003dcc                Cross_Round_control
 .text.GetHistGram
                0x0000000000003eb4       0x4e ./CODE/binary.o
                0x0000000000003eb4                GetHistGram
 .text.OSTUThreshold
                0x0000000000003f02      0x1a8 ./CODE/binary.o
                0x0000000000003f02                OSTUThreshold
 .text.BinaryImage
                0x00000000000040aa       0x4c ./CODE/binary.o
                0x00000000000040aa                BinaryImage
 .text.Bin_Image_Filter
                0x00000000000040f6       0x84 ./CODE/binary.o
                0x00000000000040f6                Bin_Image_Filter
 .text.ImageHandle
                0x000000000000417a       0x28 ./CODE/binary.o
                0x000000000000417a                ImageHandle
 .text.board_led_init
                0x00000000000041a2       0x2c ./CODE/board_led.o
                0x00000000000041a2                board_led_init
 .text.TIM_init
                0x00000000000041ce       0xba ./CODE/car_init.o
                0x00000000000041ce                TIM_init
 .text.car_init
                0x0000000000004288       0xae ./CODE/car_init.o
                0x0000000000004288                car_init
 .text.key_init
                0x0000000000004336       0x92 ./CODE/car_keys.o
                0x0000000000004336                key_init
 .text.car_both_rgb_on
                0x00000000000043c8       0x9e ./CODE/car_ligth.o
                0x00000000000043c8                car_both_rgb_on
 .text.car_both_rgb_off
                0x0000000000004466       0x1c ./CODE/car_ligth.o
                0x0000000000004466                car_both_rgb_off
 .text.car_yellow_left
                0x0000000000004482       0x18 ./CODE/car_ligth.o
                0x0000000000004482                car_yellow_left
 .text.car_yellow_right
                0x000000000000449a       0x18 ./CODE/car_ligth.o
                0x000000000000449a                car_yellow_right
 .text.reed_init
                0x00000000000044b2       0x10 ./CODE/car_reed.o
                0x00000000000044b2                reed_init
 .text.Abs      0x00000000000044c2       0x52 ./CODE/center_line.o
                0x00000000000044c2                Abs
 .text.CenterLine
                0x0000000000004514      0x34c ./CODE/center_line.o
                0x0000000000004514                CenterLine
 .text.init_PID
                0x0000000000004860       0xd2 ./CODE/pid.o
                0x0000000000004860                init_PID
 .text.Car_PID_ERROR
                0x0000000000004932       0xde ./CODE/pid.o
                0x0000000000004932                Car_PID_ERROR
 .text.error_average
                0x0000000000004a10       0xa6 ./CODE/pid.o
                0x0000000000004a10                error_average
 .text.pid_forward_move
                0x0000000000004ab6      0x25c ./CODE/pid.o
                0x0000000000004ab6                pid_forward_move
 .text.vector_handler
                0x0000000000004d12       0xbe ./CH32V30x/CH32V30x_p/Startup/startup_ch32v30x.o
                0x0000000000004d16                Ecall_M_Mode_Handler
                0x0000000000004d18                Ecall_U_Mode_Handler
                0x0000000000004d1a                Break_Point_Handler
                0x0000000000004d1c                SysTick_Handler
                0x0000000000004d1e                SW_handler
                0x0000000000004d20                WWDG_IRQHandler
                0x0000000000004d22                PVD_IRQHandler
                0x0000000000004d24                TAMPER_IRQHandler
                0x0000000000004d26                RTC_IRQHandler
                0x0000000000004d28                FLASH_IRQHandler
                0x0000000000004d2a                RCC_IRQHandler
                0x0000000000004d36                DMA1_Channel1_IRQHandler
                0x0000000000004d38                DMA1_Channel2_IRQHandler
                0x0000000000004d3a                DMA1_Channel3_IRQHandler
                0x0000000000004d3c                DMA1_Channel4_IRQHandler
                0x0000000000004d3e                DMA1_Channel5_IRQHandler
                0x0000000000004d40                DMA1_Channel6_IRQHandler
                0x0000000000004d42                DMA1_Channel7_IRQHandler
                0x0000000000004d44                ADC1_2_IRQHandler
                0x0000000000004d46                USB_HP_CAN1_TX_IRQHandler
                0x0000000000004d48                USB_LP_CAN1_RX0_IRQHandler
                0x0000000000004d4a                CAN1_RX1_IRQHandler
                0x0000000000004d4c                CAN1_SCE_IRQHandler
                0x0000000000004d50                TIM1_BRK_IRQHandler
                0x0000000000004d54                TIM1_TRG_COM_IRQHandler
                0x0000000000004d56                TIM1_CC_IRQHandler
                0x0000000000004d5e                I2C1_EV_IRQHandler
                0x0000000000004d60                I2C1_ER_IRQHandler
                0x0000000000004d62                I2C2_EV_IRQHandler
                0x0000000000004d64                I2C2_ER_IRQHandler
                0x0000000000004d66                SPI1_IRQHandler
                0x0000000000004d68                SPI2_IRQHandler
                0x0000000000004d72                RTCAlarm_IRQHandler
                0x0000000000004d74                USBWakeUp_IRQHandler
                0x0000000000004d76                TIM8_BRK_IRQHandler
                0x0000000000004d7a                TIM8_TRG_COM_IRQHandler
                0x0000000000004d7c                TIM8_CC_IRQHandler
                0x0000000000004d7e                RNG_IRQHandler
                0x0000000000004d80                FSMC_IRQHandler
                0x0000000000004d82                SDIO_IRQHandler
                0x0000000000004d86                SPI3_IRQHandler
                0x0000000000004d90                DMA2_Channel1_IRQHandler
                0x0000000000004d92                DMA2_Channel2_IRQHandler
                0x0000000000004d94                DMA2_Channel3_IRQHandler
                0x0000000000004d96                DMA2_Channel4_IRQHandler
                0x0000000000004d98                DMA2_Channel5_IRQHandler
                0x0000000000004d9a                ETH_IRQHandler
                0x0000000000004d9c                ETH_WKUP_IRQHandler
                0x0000000000004d9e                CAN2_TX_IRQHandler
                0x0000000000004da0                CAN2_RX0_IRQHandler
                0x0000000000004da2                CAN2_RX1_IRQHandler
                0x0000000000004da4                CAN2_SCE_IRQHandler
                0x0000000000004da8                USBHSWakeup_IRQHandler
                0x0000000000004daa                USBHS_IRQHandler
                0x0000000000004db4                TIM9_BRK_IRQHandler
                0x0000000000004db8                TIM9_TRG_COM_IRQHandler
                0x0000000000004dba                TIM9_CC_IRQHandler
                0x0000000000004dbc                TIM10_BRK_IRQHandler
                0x0000000000004dc0                TIM10_TRG_COM_IRQHandler
                0x0000000000004dc2                TIM10_CC_IRQHandler
                0x0000000000004dc4                DMA2_Channel6_IRQHandler
                0x0000000000004dc6                DMA2_Channel7_IRQHandler
                0x0000000000004dc8                DMA2_Channel8_IRQHandler
                0x0000000000004dca                DMA2_Channel9_IRQHandler
                0x0000000000004dcc                DMA2_Channel10_IRQHandler
                0x0000000000004dce                DMA2_Channel11_IRQHandler
 .text.handle_reset
                0x0000000000004dd0       0x92 ./CH32V30x/CH32V30x_p/Startup/startup_ch32v30x.o
                0x0000000000004dd0                handle_reset
 .text.ADC_DeInit
                0x0000000000004e62       0x46 ./CH32V30x/CH32V30x_p/CH32V30x_Lib/ch32v30x_adc.o
                0x0000000000004e62                ADC_DeInit
 .text.ADC_Init
                0x0000000000004ea8       0x58 ./CH32V30x/CH32V30x_p/CH32V30x_Lib/ch32v30x_adc.o
                0x0000000000004ea8                ADC_Init
 .text.ADC_Cmd  0x0000000000004f00       0x10 ./CH32V30x/CH32V30x_p/CH32V30x_Lib/ch32v30x_adc.o
                0x0000000000004f00                ADC_Cmd
 .text.ADC_ResetCalibration
                0x0000000000004f10        0xa ./CH32V30x/CH32V30x_p/CH32V30x_Lib/ch32v30x_adc.o
                0x0000000000004f10                ADC_ResetCalibration
 .text.ADC_GetResetCalibrationStatus
                0x0000000000004f1a        0x8 ./CH32V30x/CH32V30x_p/CH32V30x_Lib/ch32v30x_adc.o
                0x0000000000004f1a                ADC_GetResetCalibrationStatus
 .text.ADC_StartCalibration
                0x0000000000004f22        0xa ./CH32V30x/CH32V30x_p/CH32V30x_Lib/ch32v30x_adc.o
                0x0000000000004f22                ADC_StartCalibration
 .text.ADC_GetCalibrationStatus
                0x0000000000004f2c        0x8 ./CH32V30x/CH32V30x_p/CH32V30x_Lib/ch32v30x_adc.o
                0x0000000000004f2c                ADC_GetCalibrationStatus
 .text.EXTI_Init
                0x0000000000004f34       0x6a ./CH32V30x/CH32V30x_p/CH32V30x_Lib/ch32v30x_exti.o
                0x0000000000004f34                EXTI_Init
 .text.EXTI_GetITStatus
                0x0000000000004f9e       0x1e ./CH32V30x/CH32V30x_p/CH32V30x_Lib/ch32v30x_exti.o
                0x0000000000004f9e                EXTI_GetITStatus
 .text.EXTI_ClearITPendingBit
                0x0000000000004fbc        0xa ./CH32V30x/CH32V30x_p/CH32V30x_Lib/ch32v30x_exti.o
                0x0000000000004fbc                EXTI_ClearITPendingBit
 .text.GPIO_Init
                0x0000000000004fc6       0xc2 ./CH32V30x/CH32V30x_p/CH32V30x_Lib/ch32v30x_gpio.o
                0x0000000000004fc6                GPIO_Init
 .text.GPIO_WriteBit
                0x0000000000005088        0xa ./CH32V30x/CH32V30x_p/CH32V30x_Lib/ch32v30x_gpio.o
                0x0000000000005088                GPIO_WriteBit
 .text.GPIO_PinRemapConfig
                0x0000000000005092       0x86 ./CH32V30x/CH32V30x_p/CH32V30x_Lib/ch32v30x_gpio.o
                0x0000000000005092                GPIO_PinRemapConfig
 .text.GPIO_EXTILineConfig
                0x0000000000005118       0x2c ./CH32V30x/CH32V30x_p/CH32V30x_Lib/ch32v30x_gpio.o
                0x0000000000005118                GPIO_EXTILineConfig
 .text.NVIC_Init
                0x0000000000005144       0xb8 ./CH32V30x/CH32V30x_p/CH32V30x_Lib/ch32v30x_misc.o
                0x0000000000005144                NVIC_Init
 .text.RCC_ADCCLKConfig
                0x00000000000051fc       0x12 ./CH32V30x/CH32V30x_p/CH32V30x_Lib/ch32v30x_rcc.o
                0x00000000000051fc                RCC_ADCCLKConfig
 .text.RCC_GetClocksFreq
                0x000000000000520e      0x10e ./CH32V30x/CH32V30x_p/CH32V30x_Lib/ch32v30x_rcc.o
                0x000000000000520e                RCC_GetClocksFreq
 .text.RCC_AHBPeriphClockCmd
                0x000000000000531c       0x1e ./CH32V30x/CH32V30x_p/CH32V30x_Lib/ch32v30x_rcc.o
                0x000000000000531c                RCC_AHBPeriphClockCmd
 .text.RCC_APB2PeriphClockCmd
                0x000000000000533a       0x1e ./CH32V30x/CH32V30x_p/CH32V30x_Lib/ch32v30x_rcc.o
                0x000000000000533a                RCC_APB2PeriphClockCmd
 .text.RCC_APB1PeriphClockCmd
                0x0000000000005358       0x1e ./CH32V30x/CH32V30x_p/CH32V30x_Lib/ch32v30x_rcc.o
                0x0000000000005358                RCC_APB1PeriphClockCmd
 .text.RCC_APB2PeriphResetCmd
                0x0000000000005376       0x1e ./CH32V30x/CH32V30x_p/CH32V30x_Lib/ch32v30x_rcc.o
                0x0000000000005376                RCC_APB2PeriphResetCmd
 .text.SPI_Init
                0x0000000000005394       0x5a ./CH32V30x/CH32V30x_p/CH32V30x_Lib/ch32v30x_spi.o
                0x0000000000005394                SPI_Init
 .text.SPI_Cmd  0x00000000000053ee       0x1e ./CH32V30x/CH32V30x_p/CH32V30x_Lib/ch32v30x_spi.o
                0x00000000000053ee                SPI_Cmd
 .text.TIM_TimeBaseInit
                0x000000000000540c       0xc0 ./CH32V30x/CH32V30x_p/CH32V30x_Lib/ch32v30x_tim.o
                0x000000000000540c                TIM_TimeBaseInit
 .text.TIM_OC1Init
                0x00000000000054cc       0xa0 ./CH32V30x/CH32V30x_p/CH32V30x_Lib/ch32v30x_tim.o
                0x00000000000054cc                TIM_OC1Init
 .text.TIM_OC2Init
                0x000000000000556c       0xcc ./CH32V30x/CH32V30x_p/CH32V30x_Lib/ch32v30x_tim.o
                0x000000000000556c                TIM_OC2Init
 .text.TIM_OC3Init
                0x0000000000005638       0xca ./CH32V30x/CH32V30x_p/CH32V30x_Lib/ch32v30x_tim.o
                0x0000000000005638                TIM_OC3Init
 .text.TIM_OC4Init
                0x0000000000005702       0x9e ./CH32V30x/CH32V30x_p/CH32V30x_Lib/ch32v30x_tim.o
                0x0000000000005702                TIM_OC4Init
 .text.TIM_Cmd  0x00000000000057a0       0x1c ./CH32V30x/CH32V30x_p/CH32V30x_Lib/ch32v30x_tim.o
                0x00000000000057a0                TIM_Cmd
 .text.TIM_CtrlPWMOutputs
                0x00000000000057bc       0x16 ./CH32V30x/CH32V30x_p/CH32V30x_Lib/ch32v30x_tim.o
                0x00000000000057bc                TIM_CtrlPWMOutputs
 .text.TIM_ITConfig
                0x00000000000057d2       0x16 ./CH32V30x/CH32V30x_p/CH32V30x_Lib/ch32v30x_tim.o
                0x00000000000057d2                TIM_ITConfig
 .text.TIM_OC1PreloadConfig
                0x00000000000057e8       0x12 ./CH32V30x/CH32V30x_p/CH32V30x_Lib/ch32v30x_tim.o
                0x00000000000057e8                TIM_OC1PreloadConfig
 .text.TIM_OC2PreloadConfig
                0x00000000000057fa       0x1a ./CH32V30x/CH32V30x_p/CH32V30x_Lib/ch32v30x_tim.o
                0x00000000000057fa                TIM_OC2PreloadConfig
 .text.TIM_OC3PreloadConfig
                0x0000000000005814       0x12 ./CH32V30x/CH32V30x_p/CH32V30x_Lib/ch32v30x_tim.o
                0x0000000000005814                TIM_OC3PreloadConfig
 .text.TIM_OC4PreloadConfig
                0x0000000000005826       0x1a ./CH32V30x/CH32V30x_p/CH32V30x_Lib/ch32v30x_tim.o
                0x0000000000005826                TIM_OC4PreloadConfig
 .text.TIM_OC2PolarityConfig
                0x0000000000005840       0x1a ./CH32V30x/CH32V30x_p/CH32V30x_Lib/ch32v30x_tim.o
                0x0000000000005840                TIM_OC2PolarityConfig
 .text.TIM_CCxCmd
                0x000000000000585a       0x28 ./CH32V30x/CH32V30x_p/CH32V30x_Lib/ch32v30x_tim.o
                0x000000000000585a                TIM_CCxCmd
 .text.TIM_SetCounter
                0x0000000000005882        0x6 ./CH32V30x/CH32V30x_p/CH32V30x_Lib/ch32v30x_tim.o
                0x0000000000005882                TIM_SetCounter
 .text.TIM_GetFlagStatus
                0x0000000000005888        0xc ./CH32V30x/CH32V30x_p/CH32V30x_Lib/ch32v30x_tim.o
                0x0000000000005888                TIM_GetFlagStatus
 .text.TIM_ClearFlag
                0x0000000000005894        0xe ./CH32V30x/CH32V30x_p/CH32V30x_Lib/ch32v30x_tim.o
                0x0000000000005894                TIM_ClearFlag
 .text.TIM_GetITStatus
                0x00000000000058a2       0x1c ./CH32V30x/CH32V30x_p/CH32V30x_Lib/ch32v30x_tim.o
                0x00000000000058a2                TIM_GetITStatus
 .text.TIM_ClearITPendingBit
                0x00000000000058be        0xe ./CH32V30x/CH32V30x_p/CH32V30x_Lib/ch32v30x_tim.o
                0x00000000000058be                TIM_ClearITPendingBit
 .text.USART_Init
                0x00000000000058cc       0xda ./CH32V30x/CH32V30x_p/CH32V30x_Lib/ch32v30x_usart.o
                0x00000000000058cc                USART_Init
 .text.USART_Cmd
                0x00000000000059a6       0x1c ./CH32V30x/CH32V30x_p/CH32V30x_Lib/ch32v30x_usart.o
                0x00000000000059a6                USART_Cmd
 .text.USART_ITConfig
                0x00000000000059c2       0x36 ./CH32V30x/CH32V30x_p/CH32V30x_Lib/ch32v30x_usart.o
                0x00000000000059c2                USART_ITConfig
 .text.USART_SendData
                0x00000000000059f8        0xa ./CH32V30x/CH32V30x_p/CH32V30x_Lib/ch32v30x_usart.o
                0x00000000000059f8                USART_SendData
 .text.USART_GetFlagStatus
                0x0000000000005a02        0xc ./CH32V30x/CH32V30x_p/CH32V30x_Lib/ch32v30x_usart.o
                0x0000000000005a02                USART_GetFlagStatus
 .text.USART_GetITStatus
                0x0000000000005a0e       0x44 ./CH32V30x/CH32V30x_p/CH32V30x_Lib/ch32v30x_usart.o
                0x0000000000005a0e                USART_GetITStatus
 .text.USART_ClearITPendingBit
                0x0000000000005a52       0x16 ./CH32V30x/CH32V30x_p/CH32V30x_Lib/ch32v30x_usart.o
                0x0000000000005a52                USART_ClearITPendingBit
 .text.DevEP1_IN_Deal
                0x0000000000005a68       0x16 ./CH32V30x/CH32V30x_p/CH32V30x_Lib/ch32v30x_usbotg_device.o
                0x0000000000005a68                DevEP1_IN_Deal
 .text.DevEP2_IN_Deal
                0x0000000000005a7e       0x16 ./CH32V30x/CH32V30x_p/CH32V30x_Lib/ch32v30x_usbotg_device.o
                0x0000000000005a7e                DevEP2_IN_Deal
 .text.DevEP1_OUT_Deal
                0x0000000000005a94       0x28 ./CH32V30x/CH32V30x_p/CH32V30x_Lib/ch32v30x_usbotg_device.o
                0x0000000000005a94                DevEP1_OUT_Deal
 .text.DevEP2_OUT_Deal
                0x0000000000005abc       0x28 ./CH32V30x/CH32V30x_p/CH32V30x_Lib/ch32v30x_usbotg_device.o
                0x0000000000005abc                DevEP2_OUT_Deal
 .text.OTG_FS_IRQHandler
                0x0000000000005ae4      0x71a ./CH32V30x/CH32V30x_p/CH32V30x_Lib/ch32v30x_usbotg_device.o
                0x0000000000005ae4                OTG_FS_IRQHandler
 .text.SystemInit
                0x00000000000061fe      0x122 ./CH32V30x/CH32V30x_p/CH32V30x_Lib/system_ch32v30x.o
                0x00000000000061fe                SystemInit
 .text.__adddf3
                0x0000000000006320      0x730 d:/ide/mounriver_studio/toolchain/risc-v embedded gcc/bin/../lib/gcc/riscv-none-embed/8.2.0/rv32imac/ilp32\libgcc.a(adddf3.o)
                0x0000000000006320                __adddf3
 .text.__divdf3
                0x0000000000006a50      0x5b4 d:/ide/mounriver_studio/toolchain/risc-v embedded gcc/bin/../lib/gcc/riscv-none-embed/8.2.0/rv32imac/ilp32\libgcc.a(divdf3.o)
                0x0000000000006a50                __divdf3
 .text.__gedf2  0x0000000000007004       0xae d:/ide/mounriver_studio/toolchain/risc-v embedded gcc/bin/../lib/gcc/riscv-none-embed/8.2.0/rv32imac/ilp32\libgcc.a(gedf2.o)
                0x0000000000007004                __gedf2
                0x0000000000007004                __gtdf2
 .text.__ledf2  0x00000000000070b2       0xb6 d:/ide/mounriver_studio/toolchain/risc-v embedded gcc/bin/../lib/gcc/riscv-none-embed/8.2.0/rv32imac/ilp32\libgcc.a(ledf2.o)
                0x00000000000070b2                __ledf2
                0x00000000000070b2                __ltdf2
 .text.__muldf3
                0x0000000000007168      0x4b8 d:/ide/mounriver_studio/toolchain/risc-v embedded gcc/bin/../lib/gcc/riscv-none-embed/8.2.0/rv32imac/ilp32\libgcc.a(muldf3.o)
                0x0000000000007168                __muldf3
 .text.__subdf3
                0x0000000000007620      0x73e d:/ide/mounriver_studio/toolchain/risc-v embedded gcc/bin/../lib/gcc/riscv-none-embed/8.2.0/rv32imac/ilp32\libgcc.a(subdf3.o)
                0x0000000000007620                __subdf3
 .text.__fixdfsi
                0x0000000000007d5e       0x68 d:/ide/mounriver_studio/toolchain/risc-v embedded gcc/bin/../lib/gcc/riscv-none-embed/8.2.0/rv32imac/ilp32\libgcc.a(fixdfsi.o)
                0x0000000000007d5e                __fixdfsi
 .text.__floatsidf
                0x0000000000007dc6       0x72 d:/ide/mounriver_studio/toolchain/risc-v embedded gcc/bin/../lib/gcc/riscv-none-embed/8.2.0/rv32imac/ilp32\libgcc.a(floatsidf.o)
                0x0000000000007dc6                __floatsidf
 .text.__floatunsidf
                0x0000000000007e38       0x68 d:/ide/mounriver_studio/toolchain/risc-v embedded gcc/bin/../lib/gcc/riscv-none-embed/8.2.0/rv32imac/ilp32\libgcc.a(floatunsidf.o)
                0x0000000000007e38                __floatunsidf
 .text.__addsf3
                0x0000000000007ea0      0x36a d:/ide/mounriver_studio/toolchain/risc-v embedded gcc/bin/../lib/gcc/riscv-none-embed/8.2.0/rv32imac/ilp32\libgcc.a(addsf3.o)
                0x0000000000007ea0                __addsf3
 .text.__divsf3
                0x000000000000820a      0x2b2 d:/ide/mounriver_studio/toolchain/risc-v embedded gcc/bin/../lib/gcc/riscv-none-embed/8.2.0/rv32imac/ilp32\libgcc.a(divsf3.o)
                0x000000000000820a                __divsf3
 .text.__gesf2  0x00000000000084bc       0x86 d:/ide/mounriver_studio/toolchain/risc-v embedded gcc/bin/../lib/gcc/riscv-none-embed/8.2.0/rv32imac/ilp32\libgcc.a(gesf2.o)
                0x00000000000084bc                __gesf2
                0x00000000000084bc                __gtsf2
 .text.__lesf2  0x0000000000008542       0x8c d:/ide/mounriver_studio/toolchain/risc-v embedded gcc/bin/../lib/gcc/riscv-none-embed/8.2.0/rv32imac/ilp32\libgcc.a(lesf2.o)
                0x0000000000008542                __ltsf2
                0x0000000000008542                __lesf2
 .text.__mulsf3
                0x00000000000085ce      0x290 d:/ide/mounriver_studio/toolchain/risc-v embedded gcc/bin/../lib/gcc/riscv-none-embed/8.2.0/rv32imac/ilp32\libgcc.a(mulsf3.o)
                0x00000000000085ce                __mulsf3
 .text.__subsf3
                0x000000000000885e      0x388 d:/ide/mounriver_studio/toolchain/risc-v embedded gcc/bin/../lib/gcc/riscv-none-embed/8.2.0/rv32imac/ilp32\libgcc.a(subsf3.o)
                0x000000000000885e                __subsf3
 .text.__fixsfsi
                0x0000000000008be6       0x62 d:/ide/mounriver_studio/toolchain/risc-v embedded gcc/bin/../lib/gcc/riscv-none-embed/8.2.0/rv32imac/ilp32\libgcc.a(fixsfsi.o)
                0x0000000000008be6                __fixsfsi
 .text.__fixunssfsi
                0x0000000000008c48       0x56 d:/ide/mounriver_studio/toolchain/risc-v embedded gcc/bin/../lib/gcc/riscv-none-embed/8.2.0/rv32imac/ilp32\libgcc.a(fixunssfsi.o)
                0x0000000000008c48                __fixunssfsi
 .text.__floatsisf
                0x0000000000008c9e       0xc6 d:/ide/mounriver_studio/toolchain/risc-v embedded gcc/bin/../lib/gcc/riscv-none-embed/8.2.0/rv32imac/ilp32\libgcc.a(floatsisf.o)
                0x0000000000008c9e                __floatsisf
 .text.__clzsi2
                0x0000000000008d64       0x76 d:/ide/mounriver_studio/toolchain/risc-v embedded gcc/bin/../lib/gcc/riscv-none-embed/8.2.0/rv32imac/ilp32\libgcc.a(_clzsi2.o)
                0x0000000000008d64                __clzsi2
 .text.__assert_func
                0x0000000000008dda       0x3a d:/ide/mounriver_studio/toolchain/risc-v embedded gcc/bin/../lib/gcc/riscv-none-embed/8.2.0/../../../../riscv-none-embed/lib/rv32imac/ilp32\libg_nano.a(lib_a-assert.o)
                0x0000000000008dda                __assert_func
 .text.fprintf  0x0000000000008e14       0x26 d:/ide/mounriver_studio/toolchain/risc-v embedded gcc/bin/../lib/gcc/riscv-none-embed/8.2.0/../../../../riscv-none-embed/lib/rv32imac/ilp32\libg_nano.a(lib_a-fprintf.o)
                0x0000000000008e14                fiprintf
                0x0000000000008e14                fprintf
 .text.malloc   0x0000000000008e3a        0xa d:/ide/mounriver_studio/toolchain/risc-v embedded gcc/bin/../lib/gcc/riscv-none-embed/8.2.0/../../../../riscv-none-embed/lib/rv32imac/ilp32\libg_nano.a(lib_a-malloc.o)
                0x0000000000008e3a                malloc
 .text.memcpy   0x0000000000008e44       0xb6 d:/ide/mounriver_studio/toolchain/risc-v embedded gcc/bin/../lib/gcc/riscv-none-embed/8.2.0/../../../../riscv-none-embed/lib/rv32imac/ilp32\libg_nano.a(lib_a-memcpy.o)
                0x0000000000008e44                memcpy
 .text._free_r  0x0000000000008efa       0xa8 d:/ide/mounriver_studio/toolchain/risc-v embedded gcc/bin/../lib/gcc/riscv-none-embed/8.2.0/../../../../riscv-none-embed/lib/rv32imac/ilp32\libg_nano.a(lib_a-nano-freer.o)
                0x0000000000008efa                _free_r
 .text._malloc_r
                0x0000000000008fa2       0xda d:/ide/mounriver_studio/toolchain/risc-v embedded gcc/bin/../lib/gcc/riscv-none-embed/8.2.0/../../../../riscv-none-embed/lib/rv32imac/ilp32\libg_nano.a(lib_a-nano-mallocr.o)
                0x0000000000008fa2                _malloc_r
 .text.__sfputc_r
                0x000000000000907c       0x2a d:/ide/mounriver_studio/toolchain/risc-v embedded gcc/bin/../lib/gcc/riscv-none-embed/8.2.0/../../../../riscv-none-embed/lib/rv32imac/ilp32\libg_nano.a(lib_a-nano-vfprintf.o)
 .text.__sfputs_r
                0x00000000000090a6       0x44 d:/ide/mounriver_studio/toolchain/risc-v embedded gcc/bin/../lib/gcc/riscv-none-embed/8.2.0/../../../../riscv-none-embed/lib/rv32imac/ilp32\libg_nano.a(lib_a-nano-vfprintf.o)
                0x00000000000090a6                __sfputs_r
 .text._vfprintf_r
                0x00000000000090ea      0x2a0 d:/ide/mounriver_studio/toolchain/risc-v embedded gcc/bin/../lib/gcc/riscv-none-embed/8.2.0/../../../../riscv-none-embed/lib/rv32imac/ilp32\libg_nano.a(lib_a-nano-vfprintf.o)
                0x00000000000090ea                _vfprintf_r
                0x00000000000090ea                _vfiprintf_r
 .text._printf_common
                0x000000000000938a      0x10c d:/ide/mounriver_studio/toolchain/risc-v embedded gcc/bin/../lib/gcc/riscv-none-embed/8.2.0/../../../../riscv-none-embed/lib/rv32imac/ilp32\libg_nano.a(lib_a-nano-vfprintf_i.o)
                0x000000000000938a                _printf_common
 .text._printf_i
                0x0000000000009496      0x2ac d:/ide/mounriver_studio/toolchain/risc-v embedded gcc/bin/../lib/gcc/riscv-none-embed/8.2.0/../../../../riscv-none-embed/lib/rv32imac/ilp32\libg_nano.a(lib_a-nano-vfprintf_i.o)
                0x0000000000009496                _printf_i
 .text.printf   0x0000000000009742       0x40 d:/ide/mounriver_studio/toolchain/risc-v embedded gcc/bin/../lib/gcc/riscv-none-embed/8.2.0/../../../../riscv-none-embed/lib/rv32imac/ilp32\libg_nano.a(lib_a-printf.o)
                0x0000000000009742                iprintf
                0x0000000000009742                printf
 .text._puts_r  0x0000000000009782       0xda d:/ide/mounriver_studio/toolchain/risc-v embedded gcc/bin/../lib/gcc/riscv-none-embed/8.2.0/../../../../riscv-none-embed/lib/rv32imac/ilp32\libg_nano.a(lib_a-puts.o)
                0x0000000000009782                _puts_r
 .text.puts     0x000000000000985c        0xc d:/ide/mounriver_studio/toolchain/risc-v embedded gcc/bin/../lib/gcc/riscv-none-embed/8.2.0/../../../../riscv-none-embed/lib/rv32imac/ilp32\libg_nano.a(lib_a-puts.o)
                0x000000000000985c                puts
 .text._sbrk_r  0x0000000000009868       0x32 d:/ide/mounriver_studio/toolchain/risc-v embedded gcc/bin/../lib/gcc/riscv-none-embed/8.2.0/../../../../riscv-none-embed/lib/rv32imac/ilp32\libg_nano.a(lib_a-sbrkr.o)
                0x0000000000009868                _sbrk_r
 .text.__swbuf_r
                0x000000000000989a       0xc0 d:/ide/mounriver_studio/toolchain/risc-v embedded gcc/bin/../lib/gcc/riscv-none-embed/8.2.0/../../../../riscv-none-embed/lib/rv32imac/ilp32\libg_nano.a(lib_a-wbuf.o)
                0x000000000000989a                __swbuf_r
 .text.__swsetup_r
                0x000000000000995a      0x10e d:/ide/mounriver_studio/toolchain/risc-v embedded gcc/bin/../lib/gcc/riscv-none-embed/8.2.0/../../../../riscv-none-embed/lib/rv32imac/ilp32\libg_nano.a(lib_a-wsetup.o)
                0x000000000000995a                __swsetup_r
 .text.abort    0x0000000000009a68        0xe d:/ide/mounriver_studio/toolchain/risc-v embedded gcc/bin/../lib/gcc/riscv-none-embed/8.2.0/../../../../riscv-none-embed/lib/rv32imac/ilp32\libg_nano.a(lib_a-abort.o)
                0x0000000000009a68                abort
 .text.__sflush_r
                0x0000000000009a76      0x13e d:/ide/mounriver_studio/toolchain/risc-v embedded gcc/bin/../lib/gcc/riscv-none-embed/8.2.0/../../../../riscv-none-embed/lib/rv32imac/ilp32\libg_nano.a(lib_a-fflush.o)
                0x0000000000009a76                __sflush_r
 .text._fflush_r
                0x0000000000009bb4       0x66 d:/ide/mounriver_studio/toolchain/risc-v embedded gcc/bin/../lib/gcc/riscv-none-embed/8.2.0/../../../../riscv-none-embed/lib/rv32imac/ilp32\libg_nano.a(lib_a-fflush.o)
                0x0000000000009bb4                _fflush_r
 .text.std      0x0000000000009c1a       0x6a d:/ide/mounriver_studio/toolchain/risc-v embedded gcc/bin/../lib/gcc/riscv-none-embed/8.2.0/../../../../riscv-none-embed/lib/rv32imac/ilp32\libg_nano.a(lib_a-findfp.o)
 .text._cleanup_r
                0x0000000000009c84        0xa d:/ide/mounriver_studio/toolchain/risc-v embedded gcc/bin/../lib/gcc/riscv-none-embed/8.2.0/../../../../riscv-none-embed/lib/rv32imac/ilp32\libg_nano.a(lib_a-findfp.o)
                0x0000000000009c84                _cleanup_r
 .text.__sfmoreglue
                0x0000000000009c8e       0x48 d:/ide/mounriver_studio/toolchain/risc-v embedded gcc/bin/../lib/gcc/riscv-none-embed/8.2.0/../../../../riscv-none-embed/lib/rv32imac/ilp32\libg_nano.a(lib_a-findfp.o)
                0x0000000000009c8e                __sfmoreglue
 .text.__sinit  0x0000000000009cd6       0x6c d:/ide/mounriver_studio/toolchain/risc-v embedded gcc/bin/../lib/gcc/riscv-none-embed/8.2.0/../../../../riscv-none-embed/lib/rv32imac/ilp32\libg_nano.a(lib_a-findfp.o)
                0x0000000000009cd6                __sinit
 .text.__sfp    0x0000000000009d42       0xa0 d:/ide/mounriver_studio/toolchain/risc-v embedded gcc/bin/../lib/gcc/riscv-none-embed/8.2.0/../../../../riscv-none-embed/lib/rv32imac/ilp32\libg_nano.a(lib_a-findfp.o)
                0x0000000000009d42                __sfp
 .text._fwalk_reent
                0x0000000000009de2       0x6c d:/ide/mounriver_studio/toolchain/risc-v embedded gcc/bin/../lib/gcc/riscv-none-embed/8.2.0/../../../../riscv-none-embed/lib/rv32imac/ilp32\libg_nano.a(lib_a-fwalk.o)
                0x0000000000009de2                _fwalk_reent
 .text.__swhatbuf_r
                0x0000000000009e4e       0x58 d:/ide/mounriver_studio/toolchain/risc-v embedded gcc/bin/../lib/gcc/riscv-none-embed/8.2.0/../../../../riscv-none-embed/lib/rv32imac/ilp32\libg_nano.a(lib_a-makebuf.o)
                0x0000000000009e4e                __swhatbuf_r
 .text.__smakebuf_r
                0x0000000000009ea6       0xa0 d:/ide/mounriver_studio/toolchain/risc-v embedded gcc/bin/../lib/gcc/riscv-none-embed/8.2.0/../../../../riscv-none-embed/lib/rv32imac/ilp32\libg_nano.a(lib_a-makebuf.o)
                0x0000000000009ea6                __smakebuf_r
 .text.memchr   0x0000000000009f46       0x1a d:/ide/mounriver_studio/toolchain/risc-v embedded gcc/bin/../lib/gcc/riscv-none-embed/8.2.0/../../../../riscv-none-embed/lib/rv32imac/ilp32\libg_nano.a(lib_a-memchr.o)
                0x0000000000009f46                memchr
 .text.__malloc_lock
                0x0000000000009f60        0x2 d:/ide/mounriver_studio/toolchain/risc-v embedded gcc/bin/../lib/gcc/riscv-none-embed/8.2.0/../../../../riscv-none-embed/lib/rv32imac/ilp32\libg_nano.a(lib_a-mlock.o)
                0x0000000000009f60                __malloc_lock
 .text.__malloc_unlock
                0x0000000000009f62        0x2 d:/ide/mounriver_studio/toolchain/risc-v embedded gcc/bin/../lib/gcc/riscv-none-embed/8.2.0/../../../../riscv-none-embed/lib/rv32imac/ilp32\libg_nano.a(lib_a-mlock.o)
                0x0000000000009f62                __malloc_unlock
 .text._raise_r
                0x0000000000009f64       0x62 d:/ide/mounriver_studio/toolchain/risc-v embedded gcc/bin/../lib/gcc/riscv-none-embed/8.2.0/../../../../riscv-none-embed/lib/rv32imac/ilp32\libg_nano.a(lib_a-signal.o)
                0x0000000000009f64                _raise_r
 .text.raise    0x0000000000009fc6        0xc d:/ide/mounriver_studio/toolchain/risc-v embedded gcc/bin/../lib/gcc/riscv-none-embed/8.2.0/../../../../riscv-none-embed/lib/rv32imac/ilp32\libg_nano.a(lib_a-signal.o)
                0x0000000000009fc6                raise
 .text._kill_r  0x0000000000009fd2       0x32 d:/ide/mounriver_studio/toolchain/risc-v embedded gcc/bin/../lib/gcc/riscv-none-embed/8.2.0/../../../../riscv-none-embed/lib/rv32imac/ilp32\libg_nano.a(lib_a-signalr.o)
                0x0000000000009fd2                _kill_r
 .text._getpid_r
                0x000000000000a004        0x2 d:/ide/mounriver_studio/toolchain/risc-v embedded gcc/bin/../lib/gcc/riscv-none-embed/8.2.0/../../../../riscv-none-embed/lib/rv32imac/ilp32\libg_nano.a(lib_a-signalr.o)
                0x000000000000a004                _getpid_r
 .text.__sread  0x000000000000a006       0x30 d:/ide/mounriver_studio/toolchain/risc-v embedded gcc/bin/../lib/gcc/riscv-none-embed/8.2.0/../../../../riscv-none-embed/lib/rv32imac/ilp32\libg_nano.a(lib_a-stdio.o)
                0x000000000000a006                __sread
 .text.__swrite
                0x000000000000a036       0x4e d:/ide/mounriver_studio/toolchain/risc-v embedded gcc/bin/../lib/gcc/riscv-none-embed/8.2.0/../../../../riscv-none-embed/lib/rv32imac/ilp32\libg_nano.a(lib_a-stdio.o)
                0x000000000000a036                __swrite
 .text.__sseek  0x000000000000a084       0x36 d:/ide/mounriver_studio/toolchain/risc-v embedded gcc/bin/../lib/gcc/riscv-none-embed/8.2.0/../../../../riscv-none-embed/lib/rv32imac/ilp32\libg_nano.a(lib_a-stdio.o)
                0x000000000000a084                __sseek
 .text.__sclose
                0x000000000000a0ba        0x6 d:/ide/mounriver_studio/toolchain/risc-v embedded gcc/bin/../lib/gcc/riscv-none-embed/8.2.0/../../../../riscv-none-embed/lib/rv32imac/ilp32\libg_nano.a(lib_a-stdio.o)
                0x000000000000a0ba                __sclose
 .text._write_r
                0x000000000000a0c0       0x36 d:/ide/mounriver_studio/toolchain/risc-v embedded gcc/bin/../lib/gcc/riscv-none-embed/8.2.0/../../../../riscv-none-embed/lib/rv32imac/ilp32\libg_nano.a(lib_a-writer.o)
                0x000000000000a0c0                _write_r
 .text._close_r
                0x000000000000a0f6       0x30 d:/ide/mounriver_studio/toolchain/risc-v embedded gcc/bin/../lib/gcc/riscv-none-embed/8.2.0/../../../../riscv-none-embed/lib/rv32imac/ilp32\libg_nano.a(lib_a-closer.o)
                0x000000000000a0f6                _close_r
 .text._fstat_r
                0x000000000000a126       0x32 d:/ide/mounriver_studio/toolchain/risc-v embedded gcc/bin/../lib/gcc/riscv-none-embed/8.2.0/../../../../riscv-none-embed/lib/rv32imac/ilp32\libg_nano.a(lib_a-fstatr.o)
                0x000000000000a126                _fstat_r
 .text._isatty_r
                0x000000000000a158       0x30 d:/ide/mounriver_studio/toolchain/risc-v embedded gcc/bin/../lib/gcc/riscv-none-embed/8.2.0/../../../../riscv-none-embed/lib/rv32imac/ilp32\libg_nano.a(lib_a-isattyr.o)
                0x000000000000a158                _isatty_r
 .text._lseek_r
                0x000000000000a188       0x34 d:/ide/mounriver_studio/toolchain/risc-v embedded gcc/bin/../lib/gcc/riscv-none-embed/8.2.0/../../../../riscv-none-embed/lib/rv32imac/ilp32\libg_nano.a(lib_a-lseekr.o)
                0x000000000000a188                _lseek_r
 .text._read_r  0x000000000000a1bc       0x34 d:/ide/mounriver_studio/toolchain/risc-v embedded gcc/bin/../lib/gcc/riscv-none-embed/8.2.0/../../../../riscv-none-embed/lib/rv32imac/ilp32\libg_nano.a(lib_a-readr.o)
                0x000000000000a1bc                _read_r
 .text._close   0x000000000000a1f0       0x10 d:/ide/mounriver_studio/toolchain/risc-v embedded gcc/bin/../lib/gcc/riscv-none-embed/8.2.0/../../../../riscv-none-embed/lib/rv32imac/ilp32\libnosys.a(close.o)
                0x000000000000a1f0                _close
 .text._fstat   0x000000000000a200       0x10 d:/ide/mounriver_studio/toolchain/risc-v embedded gcc/bin/../lib/gcc/riscv-none-embed/8.2.0/../../../../riscv-none-embed/lib/rv32imac/ilp32\libnosys.a(fstat.o)
                0x000000000000a200                _fstat
 .text._getpid  0x000000000000a210       0x10 d:/ide/mounriver_studio/toolchain/risc-v embedded gcc/bin/../lib/gcc/riscv-none-embed/8.2.0/../../../../riscv-none-embed/lib/rv32imac/ilp32\libnosys.a(getpid.o)
                0x000000000000a210                _getpid
 .text._isatty  0x000000000000a220       0x10 d:/ide/mounriver_studio/toolchain/risc-v embedded gcc/bin/../lib/gcc/riscv-none-embed/8.2.0/../../../../riscv-none-embed/lib/rv32imac/ilp32\libnosys.a(isatty.o)
                0x000000000000a220                _isatty
 .text._kill    0x000000000000a230       0x10 d:/ide/mounriver_studio/toolchain/risc-v embedded gcc/bin/../lib/gcc/riscv-none-embed/8.2.0/../../../../riscv-none-embed/lib/rv32imac/ilp32\libnosys.a(kill.o)
                0x000000000000a230                _kill
 .text._lseek   0x000000000000a240       0x10 d:/ide/mounriver_studio/toolchain/risc-v embedded gcc/bin/../lib/gcc/riscv-none-embed/8.2.0/../../../../riscv-none-embed/lib/rv32imac/ilp32\libnosys.a(lseek.o)
                0x000000000000a240                _lseek
 .text._read    0x000000000000a250       0x10 d:/ide/mounriver_studio/toolchain/risc-v embedded gcc/bin/../lib/gcc/riscv-none-embed/8.2.0/../../../../riscv-none-embed/lib/rv32imac/ilp32\libnosys.a(read.o)
                0x000000000000a250                _read
 .text._sbrk    0x000000000000a260       0x24 d:/ide/mounriver_studio/toolchain/risc-v embedded gcc/bin/../lib/gcc/riscv-none-embed/8.2.0/../../../../riscv-none-embed/lib/rv32imac/ilp32\libnosys.a(sbrk.o)
                0x000000000000a260                _sbrk
 .text._exit    0x000000000000a284        0x2 d:/ide/mounriver_studio/toolchain/risc-v embedded gcc/bin/../lib/gcc/riscv-none-embed/8.2.0/../../../../riscv-none-embed/lib/rv32imac/ilp32\libnosys.a(_exit.o)
                0x000000000000a284                _exit
 *(.rodata)
 *(.rodata*)
 *fill*         0x000000000000a286        0x2 
 .rodata.EXTI3_IRQHandler.str1.4
                0x000000000000a288        0x6 ./user_c/isr.o
 *fill*         0x000000000000a28e        0x2 
 .rodata.EXTI4_IRQHandler.str1.4
                0x000000000000a290        0x6 ./user_c/isr.o
 *fill*         0x000000000000a296        0x2 
 .rodata.main.str1.4
                0x000000000000a298       0x19 ./user_c/main.o
 *fill*         0x000000000000a2b1        0x3 
 .rodata.__func__.6424
                0x000000000000a2b4       0x11 ./hefei_peripheral/HF_MT9V03X.o
 *fill*         0x000000000000a2c5        0x3 
 .rodata.mt9v03x_init_dvp.str1.4
                0x000000000000a2c8       0x66 ./hefei_peripheral/HF_MT9V03X.o
 *fill*         0x000000000000a32e        0x2 
 .rodata.Init_TOF400C.str1.4
                0x000000000000a330       0x2f ./hefei_peripheral/dmx_tof400c.o
 *fill*         0x000000000000a35f        0x1 
 .rodata.tft_ascii
                0x000000000000a360      0x5f0 ./hefei_libraries/hf_common_font.o
                0x000000000000a360                tft_ascii
 .rodata.GPION  0x000000000000a950       0x14 ./hefei_libraries/hf_gpio.o
                0x000000000000a950                GPION
 .rodata.SPIN   0x000000000000a964        0xc ./hefei_libraries/hf_spi.o
                0x000000000000a964                SPIN
 .rodata.TIMERN
                0x000000000000a970       0x20 ./hefei_libraries/hf_tim.o
                0x000000000000a970                TIMERN
 .rodata.UARTN  0x000000000000a990       0x20 ./hefei_libraries/hf_uart.o
                0x000000000000a990                UARTN
 .rodata.check_bend.cst8
                0x000000000000a9b0       0x10 ./CODE/Bend.o
 .rodata.check_rightangle_bend.cst8
                0x000000000000a9c0        0x8 ./CODE/Bend.o
 .rodata.check_three.cst8
                0x000000000000a9c8       0x10 ./CODE/Bend.o
 .rodata.correct_three.cst8
                0x000000000000a9d8       0x10 ./CODE/Bend.o
 .rodata.check_cross_road_out.cst8
                0x000000000000a9e8        0x8 ./CODE/CrossRound.o
 .rodata.link_Line.cst8
                0x000000000000a9f0        0x8 ./CODE/CrossRound.o
 .rodata.seek_vary_pot.cst8
                0x000000000000a9f8        0x8 ./CODE/CrossRound.o
 .rodata.OSTUThreshold.cst8
                0x000000000000aa00        0x8 ./CODE/binary.o
 .rodata.CenterLine.cst8
                0x000000000000aa08        0x8 ./CODE/center_line.o
 .rodata.Car_PID_ERROR.cst4
                0x000000000000aa08        0x8 ./CODE/pid.o
 .rodata.error_average.cst8
                0x000000000000aa10       0x18 ./CODE/pid.o
 .rodata.OTG_FS_IRQHandler
                0x000000000000aa28       0x30 ./CH32V30x/CH32V30x_p/CH32V30x_Lib/ch32v30x_usbotg_device.o
 .rodata.MyCfgDescrHD
                0x000000000000aa58       0x43 ./CH32V30x/CH32V30x_p/CH32V30x_Lib/ch32v30x_usbotg_device.o
                0x000000000000aa58                MyCfgDescrHD
 *fill*         0x000000000000aa9b        0x1 
 .rodata.MyDevDescrHD
                0x000000000000aa9c       0x12 ./CH32V30x/CH32V30x_p/CH32V30x_Lib/ch32v30x_usbotg_device.o
                0x000000000000aa9c                MyDevDescrHD
 *fill*         0x000000000000aaae        0x2 
 .rodata.MyManuInfoHD
                0x000000000000aab0        0xe ./CH32V30x/CH32V30x_p/CH32V30x_Lib/ch32v30x_usbotg_device.o
                0x000000000000aab0                MyManuInfoHD
 *fill*         0x000000000000aabe        0x2 
 .rodata.MyProdInfoHD
                0x000000000000aac0        0xc ./CH32V30x/CH32V30x_p/CH32V30x_Lib/ch32v30x_usbotg_device.o
                0x000000000000aac0                MyProdInfoHD
 .rodata.MyReportDescHD
                0x000000000000aacc       0x14 ./CH32V30x/CH32V30x_p/CH32V30x_Lib/ch32v30x_usbotg_device.o
                0x000000000000aacc                MyReportDescHD
 .rodata.MySerNumInfoHD
                0x000000000000aae0       0x16 ./CH32V30x/CH32V30x_p/CH32V30x_Lib/ch32v30x_usbotg_device.o
                0x000000000000aae0                MySerNumInfoHD
 *fill*         0x000000000000aaf6        0x2 
 .rodata.MyUSBQUADescHD
                0x000000000000aaf8        0xa ./CH32V30x/CH32V30x_p/CH32V30x_Lib/ch32v30x_usbotg_device.o
                0x000000000000aaf8                MyUSBQUADescHD
 *fill*         0x000000000000ab02        0x2 
 .rodata.OTG_FS_IRQHandler.str1.4
                0x000000000000ab04       0x41 ./CH32V30x/CH32V30x_p/CH32V30x_Lib/ch32v30x_usbotg_device.o
 *fill*         0x000000000000ab45        0x3 
 .rodata.__divdf3
                0x000000000000ab48       0x40 d:/ide/mounriver_studio/toolchain/risc-v embedded gcc/bin/../lib/gcc/riscv-none-embed/8.2.0/rv32imac/ilp32\libgcc.a(divdf3.o)
 .rodata.__muldf3
                0x000000000000ab88       0x40 d:/ide/mounriver_studio/toolchain/risc-v embedded gcc/bin/../lib/gcc/riscv-none-embed/8.2.0/rv32imac/ilp32\libgcc.a(muldf3.o)
 .rodata.__divsf3
                0x000000000000abc8       0x80 d:/ide/mounriver_studio/toolchain/risc-v embedded gcc/bin/../lib/gcc/riscv-none-embed/8.2.0/rv32imac/ilp32\libgcc.a(divsf3.o)
 .rodata.__mulsf3
                0x000000000000ac48       0x40 d:/ide/mounriver_studio/toolchain/risc-v embedded gcc/bin/../lib/gcc/riscv-none-embed/8.2.0/rv32imac/ilp32\libgcc.a(mulsf3.o)
 .rodata.__clz_tab
                0x000000000000ac88      0x100 d:/ide/mounriver_studio/toolchain/risc-v embedded gcc/bin/../lib/gcc/riscv-none-embed/8.2.0/rv32imac/ilp32\libgcc.a(_clz.o)
                0x000000000000ac88                __clz_tab
 .rodata.__assert_func.str1.4
                0x000000000000ad88       0x3f d:/ide/mounriver_studio/toolchain/risc-v embedded gcc/bin/../lib/gcc/riscv-none-embed/8.2.0/../../../../riscv-none-embed/lib/rv32imac/ilp32\libg_nano.a(lib_a-assert.o)
                                         0x43 (size before relaxing)
 *fill*         0x000000000000adc7        0x1 
 .rodata._vfprintf_r.str1.4
                0x000000000000adc8       0x13 d:/ide/mounriver_studio/toolchain/risc-v embedded gcc/bin/../lib/gcc/riscv-none-embed/8.2.0/../../../../riscv-none-embed/lib/rv32imac/ilp32\libg_nano.a(lib_a-nano-vfprintf.o)
 *fill*         0x000000000000addb        0x1 
 .rodata._printf_i.str1.4
                0x000000000000addc       0x28 d:/ide/mounriver_studio/toolchain/risc-v embedded gcc/bin/../lib/gcc/riscv-none-embed/8.2.0/../../../../riscv-none-embed/lib/rv32imac/ilp32\libg_nano.a(lib_a-nano-vfprintf_i.o)
                                         0x25 (size before relaxing)
 .rodata.__sf_fake_stderr
                0x000000000000ae04       0x20 d:/ide/mounriver_studio/toolchain/risc-v embedded gcc/bin/../lib/gcc/riscv-none-embed/8.2.0/../../../../riscv-none-embed/lib/rv32imac/ilp32\libg_nano.a(lib_a-findfp.o)
                0x000000000000ae04                __sf_fake_stderr
 .rodata.__sf_fake_stdin
                0x000000000000ae24       0x20 d:/ide/mounriver_studio/toolchain/risc-v embedded gcc/bin/../lib/gcc/riscv-none-embed/8.2.0/../../../../riscv-none-embed/lib/rv32imac/ilp32\libg_nano.a(lib_a-findfp.o)
                0x000000000000ae24                __sf_fake_stdin
 .rodata.__sf_fake_stdout
                0x000000000000ae44       0x20 d:/ide/mounriver_studio/toolchain/risc-v embedded gcc/bin/../lib/gcc/riscv-none-embed/8.2.0/../../../../riscv-none-embed/lib/rv32imac/ilp32\libg_nano.a(lib_a-findfp.o)
                0x000000000000ae44                __sf_fake_stdout
 *(.glue_7)
 *(.glue_7t)
 *(.gnu.linkonce.t.*)
                0x000000000000ae64                . = ALIGN (0x4)

.rela.dyn       0x000000000000ae64        0x0
 .rela.text.EXTI3_IRQHandler
                0x000000000000ae64        0x0 ./user_c/isr.o
 .rela.text.EXTI4_IRQHandler
                0x000000000000ae64        0x0 ./user_c/isr.o
 .rela.text.TIM1_UP_IRQHandler
                0x000000000000ae64        0x0 ./user_c/isr.o
 .rela.text.TIM8_UP_IRQHandler
                0x000000000000ae64        0x0 ./user_c/isr.o
 .rela.text.startup.main
                0x000000000000ae64        0x0 ./user_c/isr.o
 .rela.text.motor_forward
                0x000000000000ae64        0x0 ./user_c/isr.o
 .rela.text.mt9v03x_handler_dvp
                0x000000000000ae64        0x0 ./user_c/isr.o
 .rela.text.mt9v03x_init_dvp
                0x000000000000ae64        0x0 ./user_c/isr.o
 .rela.text.check_bend
                0x000000000000ae64        0x0 ./user_c/isr.o
 .rela.text.check_rightangle_bend
                0x000000000000ae64        0x0 ./user_c/isr.o
 .rela.text.correct_bend_error
                0x000000000000ae64        0x0 ./user_c/isr.o
 .rela.text.check_three
                0x000000000000ae64        0x0 ./user_c/isr.o
 .rela.text.correct_three
                0x000000000000ae64        0x0 ./user_c/isr.o
 .rela.text.check_black_white_line
                0x000000000000ae64        0x0 ./user_c/isr.o
 .rela.text.road_type
                0x000000000000ae64        0x0 ./user_c/isr.o
 .rela.text.seek_vary_pot
                0x000000000000ae64        0x0 ./user_c/isr.o
 .rela.text.check_cross_road_out
                0x000000000000ae64        0x0 ./user_c/isr.o
 .rela.text.link_Line
                0x000000000000ae64        0x0 ./user_c/isr.o
 .rela.text.Repair_Line
                0x000000000000ae64        0x0 ./user_c/isr.o
 .rela.text.Cross_Round_control
                0x000000000000ae64        0x0 ./user_c/isr.o
 .rela.text.GetHistGram
                0x000000000000ae64        0x0 ./user_c/isr.o
 .rela.text.OSTUThreshold
                0x000000000000ae64        0x0 ./user_c/isr.o
 .rela.text.BinaryImage
                0x000000000000ae64        0x0 ./user_c/isr.o
 .rela.text.Bin_Image_Filter
                0x000000000000ae64        0x0 ./user_c/isr.o
 .rela.text.ImageHandle
                0x000000000000ae64        0x0 ./user_c/isr.o
 .rela.text.car_init
                0x000000000000ae64        0x0 ./user_c/isr.o
 .rela.text.CenterLine
                0x000000000000ae64        0x0 ./user_c/isr.o
 .rela.text.init_PID
                0x000000000000ae64        0x0 ./user_c/isr.o
 .rela.text.Car_PID_ERROR
                0x000000000000ae64        0x0 ./user_c/isr.o
 .rela.text.error_average
                0x000000000000ae64        0x0 ./user_c/isr.o
 .rela.text.pid_forward_move
                0x000000000000ae64        0x0 ./user_c/isr.o
 .rela.init     0x000000000000ae64        0x0 ./user_c/isr.o
 .rela.vector   0x000000000000ae64        0x0 ./user_c/isr.o
 .rela.text.handle_reset
                0x000000000000ae64        0x0 ./user_c/isr.o
 .rela.text.DevEP1_OUT_Deal
                0x000000000000ae64        0x0 ./user_c/isr.o
 .rela.text.DevEP2_OUT_Deal
                0x000000000000ae64        0x0 ./user_c/isr.o
 .rela.text.OTG_FS_IRQHandler
                0x000000000000ae64        0x0 ./user_c/isr.o
 .rela.text._vfprintf_r
                0x000000000000ae64        0x0 ./user_c/isr.o
 .rela.text._sbrk_r
                0x000000000000ae64        0x0 ./user_c/isr.o
 .rela.text._kill_r
                0x000000000000ae64        0x0 ./user_c/isr.o
 .rela.text._write_r
                0x000000000000ae64        0x0 ./user_c/isr.o
 .rela.text._close_r
                0x000000000000ae64        0x0 ./user_c/isr.o
 .rela.text._fstat_r
                0x000000000000ae64        0x0 ./user_c/isr.o
 .rela.text._isatty_r
                0x000000000000ae64        0x0 ./user_c/isr.o
 .rela.text._lseek_r
                0x000000000000ae64        0x0 ./user_c/isr.o
 .rela.text._read_r
                0x000000000000ae64        0x0 ./user_c/isr.o
 .rela.text._close
                0x000000000000ae64        0x0 ./user_c/isr.o
 .rela.text._fstat
                0x000000000000ae64        0x0 ./user_c/isr.o
 .rela.text._getpid
                0x000000000000ae64        0x0 ./user_c/isr.o
 .rela.text._isatty
                0x000000000000ae64        0x0 ./user_c/isr.o
 .rela.text._kill
                0x000000000000ae64        0x0 ./user_c/isr.o
 .rela.text._lseek
                0x000000000000ae64        0x0 ./user_c/isr.o
 .rela.text._read
                0x000000000000ae64        0x0 ./user_c/isr.o
 .rela.text._sbrk
                0x000000000000ae64        0x0 ./user_c/isr.o

.fini           0x000000000000ae64        0x0
 *(SORT_NONE(.fini))
                0x000000000000ae64                . = ALIGN (0x4)
                [!provide]                        PROVIDE (_etext = .)
                [!provide]                        PROVIDE (_eitcm = .)

.preinit_array  0x000000000000ae64        0x0
                [!provide]                        PROVIDE (__preinit_array_start = .)
 *(.preinit_array)
                [!provide]                        PROVIDE (__preinit_array_end = .)

.init_array     0x000000000000ae64        0x0
                [!provide]                        PROVIDE (__init_array_start = .)
 *(SORT_BY_INIT_PRIORITY(.init_array.*) SORT_BY_INIT_PRIORITY(.ctors.*))
 *(.init_array EXCLUDE_FILE(*crtend?.o *crtend.o *crtbegin?.o *crtbegin.o) .ctors)
                [!provide]                        PROVIDE (__init_array_end = .)

.fini_array     0x000000000000ae64        0x0
                [!provide]                        PROVIDE (__fini_array_start = .)
 *(SORT_BY_INIT_PRIORITY(.fini_array.*) SORT_BY_INIT_PRIORITY(.dtors.*))
 *(.fini_array EXCLUDE_FILE(*crtend?.o *crtend.o *crtbegin?.o *crtbegin.o) .dtors)
                [!provide]                        PROVIDE (__fini_array_end = .)

.ctors
 *crtbegin.o(.ctors)
 *crtbegin?.o(.ctors)
 *(EXCLUDE_FILE(*crtend?.o *crtend.o) .ctors)
 *(SORT_BY_NAME(.ctors.*))
 *(.ctors)

.dtors
 *crtbegin.o(.dtors)
 *crtbegin?.o(.dtors)
 *(EXCLUDE_FILE(*crtend?.o *crtend.o) .dtors)
 *(SORT_BY_NAME(.dtors.*))
 *(.dtors)

.dalign         0x0000000020000000        0x0 load address 0x000000000000ae64
                0x0000000020000000                . = ALIGN (0x4)
                0x0000000020000000                PROVIDE (_data_vma = .)

.dlalign        0x000000000000ae64        0x0
                0x000000000000ae64                . = ALIGN (0x4)
                0x000000000000ae64                PROVIDE (_data_lma = .)

.data           0x0000000020000000      0x1e0 load address 0x000000000000ae64
 *(.gnu.linkonce.r.*)
 *(.data .data.*)
 .data.mt9v03x_get_confing_buffer_dvp
                0x0000000020000000       0x24 ./hefei_peripheral/HF_MT9V03X.o
                0x0000000020000000                mt9v03x_get_confing_buffer_dvp
 .data.mt9v03x_set_confing_buffer_dvp
                0x0000000020000024       0x28 ./hefei_peripheral/HF_MT9V03X.o
                0x0000000020000024                mt9v03x_set_confing_buffer_dvp
 .data.VL51L1X_CONFIGURATION
                0x000000002000004c       0x87 ./hefei_peripheral/dmx_tof400c.o
                0x000000002000004c                VL51L1X_CONFIGURATION
 *fill*         0x00000000200000d3        0x1 
 .data.APBAHBPrescTable
                0x00000000200000d4       0x10 ./CH32V30x/CH32V30x_p/CH32V30x_Lib/ch32v30x_rcc.o
 .data.TAB_USB_FS_OSC_DESC
                0x00000000200000e4       0x43 ./CH32V30x/CH32V30x_p/CH32V30x_Lib/ch32v30x_usbotg_device.o
                0x00000000200000e4                TAB_USB_FS_OSC_DESC
 *fill*         0x0000000020000127        0x1 
 .data.impure_data
                0x0000000020000128       0x60 d:/ide/mounriver_studio/toolchain/risc-v embedded gcc/bin/../lib/gcc/riscv-none-embed/8.2.0/../../../../riscv-none-embed/lib/rv32imac/ilp32\libg_nano.a(lib_a-impure.o)
 *(.gnu.linkonce.d.*)
                0x0000000020000188                . = ALIGN (0x8)
                0x0000000020000988                PROVIDE (__global_pointer$ = (. + 0x800))
 *(.sdata .sdata.*)
 .sdata.crossDelay
                0x0000000020000188        0x4 ./user_c/main.o
                0x0000000020000188                crossDelay
 .sdata.can_turn
                0x000000002000018c        0x4 ./hefei_peripheral/HF_Double_DC_Motor.o
                0x000000002000018c                can_turn
 .sdata.ips114_bgcolor
                0x0000000020000190        0x2 ./hefei_peripheral/HF_IPS114.o
 *fill*         0x0000000020000192        0x2 
 .sdata.ips114_display_dir
                0x0000000020000194        0x4 ./hefei_peripheral/HF_IPS114.o
 .sdata.ips114_pencolor
                0x0000000020000198        0x2 ./hefei_peripheral/HF_IPS114.o
 .sdata.ips114_x_max
                0x000000002000019a        0x1 ./hefei_peripheral/HF_IPS114.o
 .sdata.ips114_y_max
                0x000000002000019b        0x1 ./hefei_peripheral/HF_IPS114.o
 .sdata.repair_status.6411
                0x000000002000019c        0x4 ./CODE/CrossRound.o
 .sdata.rgb_blue
                0x00000000200001a0        0x3 ./CODE/car_ligth.o
 *fill*         0x00000000200001a3        0x1 
 .sdata.rgb_cyan
                0x00000000200001a4        0x3 ./CODE/car_ligth.o
 *fill*         0x00000000200001a7        0x1 
 .sdata.rgb_green
                0x00000000200001a8        0x3 ./CODE/car_ligth.o
 *fill*         0x00000000200001ab        0x1 
 .sdata.rgb_purple
                0x00000000200001ac        0x3 ./CODE/car_ligth.o
 *fill*         0x00000000200001af        0x1 
 .sdata.rgb_red
                0x00000000200001b0        0x3 ./CODE/car_ligth.o
 *fill*         0x00000000200001b3        0x1 
 .sdata.rgb_white
                0x00000000200001b4        0x3 ./CODE/car_ligth.o
 *fill*         0x00000000200001b7        0x1 
 .sdata.rgb_yellow
                0x00000000200001b8        0x3 ./CODE/car_ligth.o
 *fill*         0x00000000200001bb        0x1 
 .sdata.ADCPrescTable
                0x00000000200001bc        0x4 ./CH32V30x/CH32V30x_p/CH32V30x_Lib/ch32v30x_rcc.o
 .sdata.LineCoding
                0x00000000200001c0        0x7 ./CH32V30x/CH32V30x_p/CH32V30x_Lib/ch32v30x_usbotg_device.o
                0x00000000200001c0                LineCoding
 .sdata.USBHD_Dev_Speed
                0x00000000200001c7        0x1 ./CH32V30x/CH32V30x_p/CH32V30x_Lib/ch32v30x_usbotg_device.o
                0x00000000200001c7                USBHD_Dev_Speed
 .sdata.SystemCoreClock
                0x00000000200001c8        0x4 ./CH32V30x/CH32V30x_p/CH32V30x_Lib/system_ch32v30x.o
                0x00000000200001c8                SystemCoreClock
 .sdata._impure_ptr
                0x00000000200001cc        0x4 d:/ide/mounriver_studio/toolchain/risc-v embedded gcc/bin/../lib/gcc/riscv-none-embed/8.2.0/../../../../riscv-none-embed/lib/rv32imac/ilp32\libg_nano.a(lib_a-impure.o)
                0x00000000200001cc                _impure_ptr
 *(.sdata2.*)
 .sdata2.uart_irq
                0x00000000200001d0        0x8 ./hefei_libraries/hf_uart.o
                0x00000000200001d0                uart_irq
 .sdata2.MyLangDescrHD
                0x00000000200001d8        0x4 ./CH32V30x/CH32V30x_p/CH32V30x_Lib/ch32v30x_usbotg_device.o
                0x00000000200001d8                MyLangDescrHD
 .sdata2._global_impure_ptr
                0x00000000200001dc        0x4 d:/ide/mounriver_studio/toolchain/risc-v embedded gcc/bin/../lib/gcc/riscv-none-embed/8.2.0/../../../../riscv-none-embed/lib/rv32imac/ilp32\libg_nano.a(lib_a-impure.o)
                0x00000000200001dc                _global_impure_ptr
 *(.gnu.linkonce.s.*)
                0x00000000200001e0                . = ALIGN (0x8)
 *(.srodata.cst16)
 *(.srodata.cst8)
 *(.srodata.cst4)
 *(.srodata.cst2)
 *(.srodata .srodata.*)
                0x00000000200001e0                . = ALIGN (0x4)
                0x00000000200001e0                PROVIDE (_edata = .)

.bss            0x00000000200001e0     0xb5b8 load address 0x000000000000b044
                0x00000000200001e0                . = ALIGN (0x4)
                0x00000000200001e0                PROVIDE (_sbss = .)
 *(.sbss*)
 .sbss.LEDCount
                0x00000000200001e0        0x4 ./user_c/isr.o
                0x00000000200001e0                LEDCount
 .sbss.flagAllow
                0x00000000200001e4        0x4 ./user_c/main.o
                0x00000000200001e4                flagAllow
 .sbss.flagTIM  0x00000000200001e8        0x4 ./user_c/main.o
                0x00000000200001e8                flagTIM
 .sbss.isTOF    0x00000000200001ec        0x4 ./user_c/main.o
                0x00000000200001ec                isTOF
 .sbss.minusSpeed
                0x00000000200001f0        0x4 ./user_c/main.o
                0x00000000200001f0                minusSpeed
 .sbss.more_count_tri
                0x00000000200001f4        0x4 ./user_c/main.o
                0x00000000200001f4                more_count_tri
 .sbss.speedLow
                0x00000000200001f8        0x4 ./user_c/main.o
                0x00000000200001f8                speedLow
 .sbss.countAllow
                0x00000000200001fc        0x4 ./hefei_peripheral/HF_Double_DC_Motor.o
                0x00000000200001fc                countAllow
 .sbss.countFlagcross
                0x0000000020000200        0x4 ./hefei_peripheral/HF_Double_DC_Motor.o
                0x0000000020000200                countFlagcross
 .sbss.count_tri
                0x0000000020000204        0x4 ./hefei_peripheral/HF_Double_DC_Motor.o
                0x0000000020000204                count_tri
 .sbss.finalLow
                0x0000000020000208        0x4 ./hefei_peripheral/HF_Double_DC_Motor.o
                0x0000000020000208                finalLow
 .sbss.mt9v03x_finish_flag_dvp
                0x000000002000020c        0x1 ./hefei_peripheral/HF_MT9V03X.o
                0x000000002000020c                mt9v03x_finish_flag_dvp
 *fill*         0x000000002000020d        0x3 
 .sbss.receive_dvp
                0x0000000020000210        0x3 ./hefei_peripheral/HF_MT9V03X.o
 .sbss.receive_num_dvp
                0x0000000020000213        0x1 ./hefei_peripheral/HF_MT9V03X.o
 .sbss.uart_receive_flag_dvp
                0x0000000020000214        0x1 ./hefei_peripheral/HF_MT9V03X.o
 *fill*         0x0000000020000215        0x3 
 .sbss.sys_clk  0x0000000020000218        0x4 ./hefei_libraries/common.o
                0x0000000020000218                sys_clk
 .sbss.rgb_off  0x000000002000021c        0x3 ./CODE/car_ligth.o
 *fill*         0x000000002000021f        0x1 
 .sbss.flag     0x0000000020000220        0x4 ./CODE/pid.o
                0x0000000020000220                flag
 .sbss.NVIC_Priority_Group
                0x0000000020000224        0x4 ./CH32V30x/CH32V30x_p/CH32V30x_Lib/ch32v30x_misc.o
                0x0000000020000224                NVIC_Priority_Group
 .sbss.USBHD_Dev_SetupReqLen
                0x0000000020000228        0x2 ./CH32V30x/CH32V30x_p/CH32V30x_Lib/ch32v30x_usbotg_device.o
                0x0000000020000228                USBHD_Dev_SetupReqLen
 .sbss.USBHD_Dev_SleepStatus
                0x000000002000022a        0x1 ./CH32V30x/CH32V30x_p/CH32V30x_Lib/ch32v30x_usbotg_device.o
                0x000000002000022a                USBHD_Dev_SleepStatus
 *fill*         0x000000002000022b        0x1 
 .sbss.__malloc_free_list
                0x000000002000022c        0x4 d:/ide/mounriver_studio/toolchain/risc-v embedded gcc/bin/../lib/gcc/riscv-none-embed/8.2.0/../../../../riscv-none-embed/lib/rv32imac/ilp32\libg_nano.a(lib_a-nano-mallocr.o)
                0x000000002000022c                __malloc_free_list
 .sbss.__malloc_sbrk_start
                0x0000000020000230        0x4 d:/ide/mounriver_studio/toolchain/risc-v embedded gcc/bin/../lib/gcc/riscv-none-embed/8.2.0/../../../../riscv-none-embed/lib/rv32imac/ilp32\libg_nano.a(lib_a-nano-mallocr.o)
                0x0000000020000230                __malloc_sbrk_start
 .sbss.heap_end.1518
                0x0000000020000234        0x4 d:/ide/mounriver_studio/toolchain/risc-v embedded gcc/bin/../lib/gcc/riscv-none-embed/8.2.0/../../../../riscv-none-embed/lib/rv32imac/ilp32\libnosys.a(sbrk.o)
 *(.gnu.linkonce.sb.*)
 *(.bss*)
 *(.gnu.linkonce.b.*)
 *(COMMON*)
 COMMON         0x0000000020000238     0x5ba4 ./user_c/isr.o
                0x0000000020000238                flagLED
                0x000000002000023c                rightangle_flag
                0x000000002000023d                Cross_status
                0x0000000020000240                num_R_row
                0x0000000020000244                num_white
                0x0000000020000248                first1
                0x0000000020000249                round_dot1_row
                0x000000002000024c                Right_line
                0x00000000200002c4                countTIM1
                0x00000000200002c8                Left_line
                0x0000000020000340                num_R
                0x0000000020000344                WtoB_L
                0x0000000020000345                first3
                0x0000000020000348                A
                0x000000002000034c                Pixel
                0x0000000020005b6c                L_D_dot
                0x0000000020005b6d                black_white_flag
                0x0000000020005b70                B
                0x0000000020005b74                Threshold
                0x0000000020005b75                WtoB_R
                0x0000000020005b76                choose
                0x0000000020005b77                first2
                0x0000000020005b78                L_U_dot
                0x0000000020005b79                CY
                0x0000000020005b7a                triangle_turn
                0x0000000020005b7b                car_start
                0x0000000020005b7c                black_white_first
                0x0000000020005b7d                out_flag
                0x0000000020005b7e                entered_Cross
                0x0000000020005b7f                round_dot1_col
                0x0000000020005b80                R_D_dot
                0x0000000020005b84                arrays
                0x0000000020005b88                triangle_flag
                0x0000000020005b8c                white_line
                0x0000000020005bc8                error
                0x0000000020005bcc                Center_line
                0x0000000020005c44                CX
                0x0000000020005c48                car_mode
                0x0000000020005cc8                start
                0x0000000020005ccc                HistGram
                0x0000000020005dcc                R_U_dot
                0x0000000020005dd0                const_speed
                0x0000000020005dd4                get_dis
                0x0000000020005dd8                num_L
 COMMON         0x0000000020005ddc     0x5824 ./hefei_peripheral/HF_MT9V03X.o
                0x0000000020005ddc                mt9v03x_image_dvp
                0x000000002000b5fc                camera_buffer_addr
 COMMON         0x000000002000b600       0x30 ./CODE/pid.o
                0x000000002000b600                L_PID
                0x000000002000b614                distance_speedR
                0x000000002000b618                distance_speedL
                0x000000002000b61c                R_PID
 COMMON         0x000000002000b630      0x164 ./CH32V30x/CH32V30x_p/CH32V30x_Lib/ch32v30x_usbotg_device.o
                0x000000002000b630                DevConfig
                0x000000002000b634                EP2_DatabufHD
                0x000000002000b6b4                SetupReqLen
                0x000000002000b6b6                SetupReqCode
                0x000000002000b6b8                pDescr
                0x000000002000b6bc                pEP2_RAM_Addr
                0x000000002000b6c0                pEP0_RAM_Addr
                0x000000002000b6c4                EP1_DatabufHD
                0x000000002000b744                EP0_DatabufHD
                0x000000002000b74c                Receive_Uart_Buf
                0x000000002000b78c                UsbConfig
                0x000000002000b790                pEP1_RAM_Addr
 COMMON         0x000000002000b794        0x4 d:/ide/mounriver_studio/toolchain/risc-v embedded gcc/bin/../lib/gcc/riscv-none-embed/8.2.0/../../../../riscv-none-embed/lib/rv32imac/ilp32\libg_nano.a(lib_a-reent.o)
                0x000000002000b794                errno
                0x000000002000b798                . = ALIGN (0x4)
                0x000000002000b798                PROVIDE (_ebss = .)
                [!provide]                        PROVIDE (_end = _ebss)
                0x000000002000b798                PROVIDE (end = .)

.stack          0x000000002000f800      0x800
                0x000000002000f800                . = ALIGN (0x4)
                [!provide]                        PROVIDE (_susrstack = .)
                0x0000000020010000                . = (. + __stack_size)
 *fill*         0x000000002000f800      0x800 
                0x0000000020010000                PROVIDE (_eusrstack = .)
OUTPUT(testA.elf elf32-littleriscv)

.debug_info     0x0000000000000000    0x31e18
 .debug_info    0x0000000000000000     0x1f08 ./user_c/isr.o
 .debug_info    0x0000000000001f08     0x1cb8 ./user_c/main.o
 .debug_info    0x0000000000003bc0     0x17bc ./hefei_peripheral/HF_Double_DC_Motor.o
 .debug_info    0x000000000000537c     0x2920 ./hefei_peripheral/HF_IPS114.o
 .debug_info    0x0000000000007c9c     0x1b5e ./hefei_peripheral/HF_MT9V03X.o
 .debug_info    0x00000000000097fa     0x270e ./hefei_peripheral/HF_TFT180.o
 .debug_info    0x000000000000bf08     0x16ac ./hefei_peripheral/HF_WS2812b.o
 .debug_info    0x000000000000d5b4     0x1de0 ./hefei_peripheral/dmx_tof400c.o
 .debug_info    0x000000000000f394     0x1414 ./hefei_libraries/board/board.o
 .debug_info    0x00000000000107a8      0xa06 ./hefei_libraries/common.o
 .debug_info    0x00000000000111ae      0xb35 ./hefei_libraries/delay.o
 .debug_info    0x0000000000011ce3     0x122f ./hefei_libraries/hf_adc.o
 .debug_info    0x0000000000012f12      0xa7e ./hefei_libraries/hf_common_font.o
 .debug_info    0x0000000000013990     0x114f ./hefei_libraries/hf_dvp.o
 .debug_info    0x0000000000014adf     0x1743 ./hefei_libraries/hf_exti.o
 .debug_info    0x0000000000016222      0xff4 ./hefei_libraries/hf_gpio.o
 .debug_info    0x0000000000017216     0x10d4 ./hefei_libraries/hf_nvic.o
 .debug_info    0x00000000000182ea     0x1602 ./hefei_libraries/hf_pwm.o
 .debug_info    0x00000000000198ec     0x1244 ./hefei_libraries/hf_spi.o
 .debug_info    0x000000000001ab30      0x542 ./hefei_libraries/hf_tim.o
 .debug_info    0x000000000001b072     0x1a77 ./hefei_libraries/hf_uart.o
 .debug_info    0x000000000001cae9     0x146a ./CODE/Bend.o
 .debug_info    0x000000000001df53     0x1376 ./CODE/CrossRound.o
 .debug_info    0x000000000001f2c9     0x156d ./CODE/binary.o
 .debug_info    0x0000000000020836     0x1360 ./CODE/board_led.o
 .debug_info    0x0000000000021b96     0x1a36 ./CODE/car_init.o
 .debug_info    0x00000000000235cc     0x13e4 ./CODE/car_keys.o
 .debug_info    0x00000000000249b0     0x2024 ./CODE/car_ligth.o
 .debug_info    0x00000000000269d4     0x12f7 ./CODE/car_reed.o
 .debug_info    0x0000000000027ccb     0x11c4 ./CODE/center_line.o
 .debug_info    0x0000000000028e8f     0x12ab ./CODE/pid.o
 .debug_info    0x000000000002a13a       0x22 ./CH32V30x/CH32V30x_p/Startup/startup_ch32v30x.o
 .debug_info    0x000000000002a15c      0xe3d ./CH32V30x/CH32V30x_p/CH32V30x_Lib/ch32v30x_adc.o
 .debug_info    0x000000000002af99      0x35f ./CH32V30x/CH32V30x_p/CH32V30x_Lib/ch32v30x_exti.o
 .debug_info    0x000000000002b2f8      0x815 ./CH32V30x/CH32V30x_p/CH32V30x_Lib/ch32v30x_gpio.o
 .debug_info    0x000000000002bb0d      0x6bc ./CH32V30x/CH32V30x_p/CH32V30x_Lib/ch32v30x_misc.o
 .debug_info    0x000000000002c1c9      0xca9 ./CH32V30x/CH32V30x_p/CH32V30x_Lib/ch32v30x_rcc.o
 .debug_info    0x000000000002ce72      0xa00 ./CH32V30x/CH32V30x_p/CH32V30x_Lib/ch32v30x_spi.o
 .debug_info    0x000000000002d872     0x216a ./CH32V30x/CH32V30x_p/CH32V30x_Lib/ch32v30x_tim.o
 .debug_info    0x000000000002f9dc      0xb3c ./CH32V30x/CH32V30x_p/CH32V30x_Lib/ch32v30x_usart.o
 .debug_info    0x0000000000030518     0x15a4 ./CH32V30x/CH32V30x_p/CH32V30x_Lib/ch32v30x_usbotg_device.o
 .debug_info    0x0000000000031abc      0x35c ./CH32V30x/CH32V30x_p/CH32V30x_Lib/system_ch32v30x.o

.debug_abbrev   0x0000000000000000     0x7772
 .debug_abbrev  0x0000000000000000      0x32f ./user_c/isr.o
 .debug_abbrev  0x000000000000032f      0x2cc ./user_c/main.o
 .debug_abbrev  0x00000000000005fb      0x2de ./hefei_peripheral/HF_Double_DC_Motor.o
 .debug_abbrev  0x00000000000008d9      0x44b ./hefei_peripheral/HF_IPS114.o
 .debug_abbrev  0x0000000000000d24      0x3f0 ./hefei_peripheral/HF_MT9V03X.o
 .debug_abbrev  0x0000000000001114      0x486 ./hefei_peripheral/HF_TFT180.o
 .debug_abbrev  0x000000000000159a      0x2fd ./hefei_peripheral/HF_WS2812b.o
 .debug_abbrev  0x0000000000001897      0x4b9 ./hefei_peripheral/dmx_tof400c.o
 .debug_abbrev  0x0000000000001d50      0x2fc ./hefei_libraries/board/board.o
 .debug_abbrev  0x000000000000204c      0x1e7 ./hefei_libraries/common.o
 .debug_abbrev  0x0000000000002233      0x259 ./hefei_libraries/delay.o
 .debug_abbrev  0x000000000000248c      0x324 ./hefei_libraries/hf_adc.o
 .debug_abbrev  0x00000000000027b0      0x1ec ./hefei_libraries/hf_common_font.o
 .debug_abbrev  0x000000000000299c      0x29f ./hefei_libraries/hf_dvp.o
 .debug_abbrev  0x0000000000002c3b      0x2e7 ./hefei_libraries/hf_exti.o
 .debug_abbrev  0x0000000000002f22      0x30c ./hefei_libraries/hf_gpio.o
 .debug_abbrev  0x000000000000322e      0x30c ./hefei_libraries/hf_nvic.o
 .debug_abbrev  0x000000000000353a      0x337 ./hefei_libraries/hf_pwm.o
 .debug_abbrev  0x0000000000003871      0x2d3 ./hefei_libraries/hf_spi.o
 .debug_abbrev  0x0000000000003b44      0x1ae ./hefei_libraries/hf_tim.o
 .debug_abbrev  0x0000000000003cf2      0x360 ./hefei_libraries/hf_uart.o
 .debug_abbrev  0x0000000000004052      0x41c ./CODE/Bend.o
 .debug_abbrev  0x000000000000446e      0x410 ./CODE/CrossRound.o
 .debug_abbrev  0x000000000000487e      0x38a ./CODE/binary.o
 .debug_abbrev  0x0000000000004c08      0x289 ./CODE/board_led.o
 .debug_abbrev  0x0000000000004e91      0x32b ./CODE/car_init.o
 .debug_abbrev  0x00000000000051bc      0x2e7 ./CODE/car_keys.o
 .debug_abbrev  0x00000000000054a3      0x346 ./CODE/car_ligth.o
 .debug_abbrev  0x00000000000057e9      0x295 ./CODE/car_reed.o
 .debug_abbrev  0x0000000000005a7e      0x32d ./CODE/center_line.o
 .debug_abbrev  0x0000000000005dab      0x32d ./CODE/pid.o
 .debug_abbrev  0x00000000000060d8       0x12 ./CH32V30x/CH32V30x_p/Startup/startup_ch32v30x.o
 .debug_abbrev  0x00000000000060ea      0x2a2 ./CH32V30x/CH32V30x_p/CH32V30x_Lib/ch32v30x_adc.o
 .debug_abbrev  0x000000000000638c      0x1c9 ./CH32V30x/CH32V30x_p/CH32V30x_Lib/ch32v30x_exti.o
 .debug_abbrev  0x0000000000006555      0x21b ./CH32V30x/CH32V30x_p/CH32V30x_Lib/ch32v30x_gpio.o
 .debug_abbrev  0x0000000000006770      0x1d4 ./CH32V30x/CH32V30x_p/CH32V30x_Lib/ch32v30x_misc.o
 .debug_abbrev  0x0000000000006944      0x259 ./CH32V30x/CH32V30x_p/CH32V30x_Lib/ch32v30x_rcc.o
 .debug_abbrev  0x0000000000006b9d      0x214 ./CH32V30x/CH32V30x_p/CH32V30x_Lib/ch32v30x_spi.o
 .debug_abbrev  0x0000000000006db1      0x310 ./CH32V30x/CH32V30x_p/CH32V30x_Lib/ch32v30x_tim.o